Component: ARM Compiler 5.06 update 5 (build 528) Tool: armlink [4d35e2]

==============================================================================

Section Cross References

    stm32f10x_adc.o(i.ADC_DeInit) refers to stm32f10x_rcc.o(i.RCC_APB2PeriphResetCmd) for RCC_APB2PeriphResetCmd
    stm32f10x_bkp.o(i.BKP_DeInit) refers to stm32f10x_rcc.o(i.RCC_BackupResetCmd) for RCC_BackupResetCmd
    stm32f10x_can.o(i.CAN_DeInit) refers to stm32f10x_rcc.o(i.RCC_APB1PeriphResetCmd) for RCC_APB1PeriphResetCmd
    stm32f10x_can.o(i.CAN_GetITStatus) refers to stm32f10x_can.o(i.CheckITStatus) for CheckITStatus
    stm32f10x_cec.o(i.CEC_DeInit) refers to stm32f10x_rcc.o(i.RCC_APB1PeriphResetCmd) for RCC_APB1PeriphResetCmd
    stm32f10x_dac.o(i.DAC_DeInit) refers to stm32f10x_rcc.o(i.RCC_APB1PeriphResetCmd) for RCC_APB1PeriphResetCmd
    stm32f10x_flash.o(i.FLASH_EnableWriteProtection) refers to stm32f10x_flash.o(i.FLASH_WaitForLastOperation) for FLASH_WaitForLastOperation
    stm32f10x_flash.o(i.FLASH_EraseAllBank1Pages) refers to stm32f10x_flash.o(i.FLASH_WaitForLastBank1Operation) for FLASH_WaitForLastBank1Operation
    stm32f10x_flash.o(i.FLASH_EraseAllPages) refers to stm32f10x_flash.o(i.FLASH_WaitForLastOperation) for FLASH_WaitForLastOperation
    stm32f10x_flash.o(i.FLASH_EraseOptionBytes) refers to stm32f10x_flash.o(i.FLASH_GetReadOutProtectionStatus) for FLASH_GetReadOutProtectionStatus
    stm32f10x_flash.o(i.FLASH_EraseOptionBytes) refers to stm32f10x_flash.o(i.FLASH_WaitForLastOperation) for FLASH_WaitForLastOperation
    stm32f10x_flash.o(i.FLASH_ErasePage) refers to stm32f10x_flash.o(i.FLASH_WaitForLastOperation) for FLASH_WaitForLastOperation
    stm32f10x_flash.o(i.FLASH_ProgramHalfWord) refers to stm32f10x_flash.o(i.FLASH_WaitForLastOperation) for FLASH_WaitForLastOperation
    stm32f10x_flash.o(i.FLASH_ProgramOptionByteData) refers to stm32f10x_flash.o(i.FLASH_WaitForLastOperation) for FLASH_WaitForLastOperation
    stm32f10x_flash.o(i.FLASH_ProgramWord) refers to stm32f10x_flash.o(i.FLASH_WaitForLastOperation) for FLASH_WaitForLastOperation
    stm32f10x_flash.o(i.FLASH_ReadOutProtection) refers to stm32f10x_flash.o(i.FLASH_WaitForLastOperation) for FLASH_WaitForLastOperation
    stm32f10x_flash.o(i.FLASH_UserOptionByteConfig) refers to stm32f10x_flash.o(i.FLASH_WaitForLastOperation) for FLASH_WaitForLastOperation
    stm32f10x_flash.o(i.FLASH_WaitForLastBank1Operation) refers to stm32f10x_flash.o(i.FLASH_GetBank1Status) for FLASH_GetBank1Status
    stm32f10x_flash.o(i.FLASH_WaitForLastOperation) refers to stm32f10x_flash.o(i.FLASH_GetBank1Status) for FLASH_GetBank1Status
    stm32f10x_gpio.o(i.GPIO_AFIODeInit) refers to stm32f10x_rcc.o(i.RCC_APB2PeriphResetCmd) for RCC_APB2PeriphResetCmd
    stm32f10x_gpio.o(i.GPIO_DeInit) refers to stm32f10x_rcc.o(i.RCC_APB2PeriphResetCmd) for RCC_APB2PeriphResetCmd
    stm32f10x_i2c.o(i.I2C_DeInit) refers to stm32f10x_rcc.o(i.RCC_APB1PeriphResetCmd) for RCC_APB1PeriphResetCmd
    stm32f10x_i2c.o(i.I2C_Init) refers to stm32f10x_rcc.o(i.RCC_GetClocksFreq) for RCC_GetClocksFreq
    stm32f10x_pwr.o(i.PWR_DeInit) refers to stm32f10x_rcc.o(i.RCC_APB1PeriphResetCmd) for RCC_APB1PeriphResetCmd
    stm32f10x_rcc.o(i.RCC_GetClocksFreq) refers to stm32f10x_rcc.o(.data) for APBAHBPrescTable
    stm32f10x_rcc.o(i.RCC_WaitForHSEStartUp) refers to stm32f10x_rcc.o(i.RCC_GetFlagStatus) for RCC_GetFlagStatus
    stm32f10x_rtc.o(i.RTC_SetAlarm) refers to stm32f10x_rtc.o(i.RTC_EnterConfigMode) for RTC_EnterConfigMode
    stm32f10x_rtc.o(i.RTC_SetAlarm) refers to stm32f10x_rtc.o(i.RTC_ExitConfigMode) for RTC_ExitConfigMode
    stm32f10x_rtc.o(i.RTC_SetCounter) refers to stm32f10x_rtc.o(i.RTC_EnterConfigMode) for RTC_EnterConfigMode
    stm32f10x_rtc.o(i.RTC_SetCounter) refers to stm32f10x_rtc.o(i.RTC_ExitConfigMode) for RTC_ExitConfigMode
    stm32f10x_rtc.o(i.RTC_SetPrescaler) refers to stm32f10x_rtc.o(i.RTC_EnterConfigMode) for RTC_EnterConfigMode
    stm32f10x_rtc.o(i.RTC_SetPrescaler) refers to stm32f10x_rtc.o(i.RTC_ExitConfigMode) for RTC_ExitConfigMode
    stm32f10x_spi.o(i.I2S_Init) refers to stm32f10x_rcc.o(i.RCC_GetClocksFreq) for RCC_GetClocksFreq
    stm32f10x_spi.o(i.SPI_I2S_DeInit) refers to stm32f10x_rcc.o(i.RCC_APB2PeriphResetCmd) for RCC_APB2PeriphResetCmd
    stm32f10x_spi.o(i.SPI_I2S_DeInit) refers to stm32f10x_rcc.o(i.RCC_APB1PeriphResetCmd) for RCC_APB1PeriphResetCmd
    stm32f10x_tim.o(i.TIM_DeInit) refers to stm32f10x_rcc.o(i.RCC_APB2PeriphResetCmd) for RCC_APB2PeriphResetCmd
    stm32f10x_tim.o(i.TIM_DeInit) refers to stm32f10x_rcc.o(i.RCC_APB1PeriphResetCmd) for RCC_APB1PeriphResetCmd
    stm32f10x_tim.o(i.TIM_ETRClockMode1Config) refers to stm32f10x_tim.o(i.TIM_ETRConfig) for TIM_ETRConfig
    stm32f10x_tim.o(i.TIM_ETRClockMode2Config) refers to stm32f10x_tim.o(i.TIM_ETRConfig) for TIM_ETRConfig
    stm32f10x_tim.o(i.TIM_ICInit) refers to stm32f10x_tim.o(i.TI1_Config) for TI1_Config
[...]
    i.__mathlib_flt_underflow                0x08003aec   Section        0  funder.o(i.__mathlib_flt_underflow)
    i.__mathlib_narrow                       0x08003af6   Section        0  narrow.o(i.__mathlib_narrow)
    i.__mathlib_tofloat                      0x08003b08   Section        0  narrow.o(i.__mathlib_tofloat)
    i.__support_ldexp                        0x08003bc4   Section        0  ldexp.o(i.__support_ldexp)
    i._is_digit                              0x08003bda   Section        0  __printf_wp.o(i._is_digit)
    i.atan2f                                 0x08003be8   Section        0  atan2f.o(i.atan2f)
    i.atof                                   0x08003e44   Section        0  atof.o(i.atof)
    i.convertToDegrees                       0x08003e70   Section        0  gps.o(i.convertToDegrees)
    i.formatTime                             0x08003f0c   Section        0  gps.o(i.formatTime)
    i.frexp                                  0x08003f70   Section        0  frexp.o(i.frexp)
    i.ldexp                                  0x08003fc8   Section        0  ldexp.o(i.ldexp)
    i.main                                   0x0800403c   Section        0  main.o(i.main)
    i.processGPSData                         0x080040a8   Section        0  gps.o(i.processGPSData)
    i.round                                  0x08004100   Section        0  round.o(i.round)
    i.sqrtf                                  0x08004194   Section        0  sqrtf.o(i.sqrtf)
    locale$$code                             0x080041c0   Section       44  lc_numeric_c.o(locale$$code)
    locale$$code                             0x080041ec   Section       44  lc_ctype_c.o(locale$$code)
    x$fpl$d2f                                0x08004218   Section       98  d2f.o(x$fpl$d2f)
    x$fpl$dadd                               0x0800427c   Section      336  daddsub_clz.o(x$fpl$dadd)
    _dadd1                                   0x0800428d   Thumb Code     0  daddsub_clz.o(x$fpl$dadd)
    x$fpl$dcheck1                            0x080043cc   Section       16  dcheck1.o(x$fpl$dcheck1)
    x$fpl$dcmpinf                            0x080043dc   Section       24  dcmpi.o(x$fpl$dcmpinf)
    x$fpl$ddiv                               0x080043f4   Section      688  ddiv.o(x$fpl$ddiv)
    ddiv_entry                               0x080043fb   Thumb Code     0  ddiv.o(x$fpl$ddiv)
    x$fpl$deqf                               0x080046a4   Section      120  deqf.o(x$fpl$deqf)
    x$fpl$dfix                               0x0800471c   Section       94  dfix.o(x$fpl$dfix)
    x$fpl$dflt                               0x0800477a   Section       46  dflt_clz.o(x$fpl$dflt)
    x$fpl$dleqf                              0x080047a8   Section      120  dleqf.o(x$fpl$dleqf)
    x$fpl$dmul                               0x08004820   Section      340  dmul.o(x$fpl$dmul)
    x$fpl$dnaninf                            0x08004974   Section      156  dnaninf.o(x$fpl$dnaninf)
    x$fpl$dretinf                            0x08004a10   Section       12  dretinf.o(x$fpl$dretinf)
    x$fpl$drleqf                             0x08004a1c   Section      108  drleqf.o(x$fpl$drleqf)
    x$fpl$drnd                               0x08004a88   Section      180  drnd.o(x$fpl$drnd)
    x$fpl$drsb                               0x08004b3c   Section       22  daddsub_clz.o(x$fpl$drsb)
    x$fpl$dsub                               0x08004b54   Section      468  daddsub_clz.o(x$fpl$dsub)
    _dsub1                                   0x08004b65   Thumb Code     0  daddsub_clz.o(x$fpl$dsub)
    x$fpl$f2d                                0x08004d28   Section       86  f2d.o(x$fpl$f2d)
    x$fpl$fadd                               0x08004d80   Section      196  faddsub_clz.o(x$fpl$fadd)
    _fadd1                                   0x08004d8f   Thumb Code     0  faddsub_clz.o(x$fpl$fadd)
    x$fpl$fcheck1                            0x08004e44   Section       12  fcheck1.o(x$fpl$fcheck1)
    x$fpl$fdiv                               0x08004e50   Section      388  fdiv.o(x$fpl$fdiv)
    _fdiv1                                   0x08004e51   Thumb Code     0  fdiv.o(x$fpl$fdiv)
    x$fpl$fflt                               0x08004fd4   Section       48  fflt_clz.o(x$fpl$fflt)
    x$fpl$fmul                               0x08005004   Section      258  fmul.o(x$fpl$fmul)
    x$fpl$fnaninf                            0x08005106   Section      140  fnaninf.o(x$fpl$fnaninf)
    x$fpl$fretinf                            0x08005192   Section       10  fretinf.o(x$fpl$fretinf)
    x$fpl$frsb                               0x0800519c   Section       20  faddsub_clz.o(x$fpl$frsb)
    x$fpl$fsqrt                              0x080051b0   Section      272  fsqrt.o(x$fpl$fsqrt)
    x$fpl$fsub                               0x080052c0   Section      234  faddsub_clz.o(x$fpl$fsub)
    _fsub1                                   0x080052cf   Thumb Code     0  faddsub_clz.o(x$fpl$fsub)
    x$fpl$ieeestatus                         0x080053aa   Section        6  istatus.o(x$fpl$ieeestatus)
    x$fpl$printf1                            0x080053b0   Section        4  printf1.o(x$fpl$printf1)
    x$fpl$retnan                             0x080053b4   Section      100  retnan.o(x$fpl$retnan)
    x$fpl$scalbn                             0x08005418   Section       92  scalbn.o(x$fpl$scalbn)
    x$fpl$scalbnf                            0x08005474   Section       76  scalbnf.o(x$fpl$scalbnf)
    x$fpl$scanf1                             0x080054c0   Section        4  scanf1.o(x$fpl$scanf1)
    x$fpl$scanf2                             0x080054c4   Section        8  scanf2.o(x$fpl$scanf2)
    x$fpl$trapveneer                         0x080054cc   Section       48  trapv.o(x$fpl$trapveneer)
    .constdata                               0x080054fc   Section     1520  oled.o(.constdata)
    x$fpl$usenofp                            0x080054fc   Section        0  usenofp.o(x$fpl$usenofp)
    .constdata                               0x08005aec   Section       17  __printf_flags_ss_wp.o(.constdata)
    maptable                                 0x08005aec   Data          17  __printf_flags_ss_wp.o(.constdata)
    .constdata                               0x08005b00   Section      148  bigflt0.o(.constdata)
    tenpwrs_x                                0x08005b00   Data          60  bigflt0.o(.constdata)
    tenpwrs_i                                0x08005b3c   Data          64  bigflt0.o(.constdata)
    c$$dinf                                  0x08005bb4   Section        8  fpconst.o(c$$dinf)
    c$$dmax                                  0x08005bbc   Section        8  fpconst.o(c$$dmax)
    locale$$data                             0x08005bc4   Section       28  lc_numeric_c.o(locale$$data)
    __lcnum_c_name                           0x08005bc8   Data           2  lc_numeric_c.o(locale$$data)
    __lcnum_c_start                          0x08005bd0   Data           0  lc_numeric_c.o(locale$$data)
    __lcnum_c_point                          0x08005bdc   Data           0  lc_numeric_c.o(locale$$data)
    __lcnum_c_thousands                      0x08005bde   Data           0  lc_numeric_c.o(locale$$data)
    __lcnum_c_grouping                       0x08005bdf   Data           0  lc_numeric_c.o(locale$$data)
    locale$$data                             0x08005be0   Section      272  lc_ctype_c.o(locale$$data)
    __lcnum_c_end                            0x08005be0   Data           0  lc_numeric_c.o(locale$$data)
    __lcctype_c_name                         0x08005be4   Data           2  lc_ctype_c.o(locale$$data)
    __lcctype_c_start                        0x08005bec   Data           0  lc_ctype_c.o(locale$$data)
    __lcctype_c_end                          0x08005cf0   Data           0  lc_ctype_c.o(locale$$data)
    .data                                    0x20000000   Section       20  stm32f10x_rcc.o(.data)
    APBAHBPrescTable                         0x20000000   Data          16  stm32f10x_rcc.o(.data)
    ADCPrescTable                            0x20000010   Data           4  stm32f10x_rcc.o(.data)
    .data                                    0x20000014   Section        8  gps.o(.data)
    lastIndex                                0x20000016   Data           2  gps.o(.data)
    flashAddress                             0x20000018   Data           4  gps.o(.data)
    .data                                    0x2000001c   Section        3  serial.o(.data)
    RxState                                  0x2000001d   Data           1  serial.o(.data)
    pRxPacket                                0x2000001e   Data           1  serial.o(.data)
    .data                                    0x20000020   Section       12  main.o(.data)
    .data                                    0x2000002c   Section        4  strtok.o(.data)
    _strtok_saves1                           0x2000002c   Data           4  strtok.o(.data)
    .bss                                     0x20000030   Section      310  gps.o(.bss)
    .bss                                     0x20000166   Section      100  serial.o(.bss)
    .bss                                     0x200001ca   Section       10  main.o(.bss)
    .bss                                     0x200001d4   Section       96  libspace.o(.bss)
    HEAP                                     0x20000238   Section      512  startup_stm32f10x_md.o(HEAP)
    Heap_Mem                                 0x20000238   Data         512  startup_stm32f10x_md.o(HEAP)
    STACK                                    0x20000438   Section     1024  startup_stm32f10x_md.o(STACK)
    Stack_Mem                                0x20000438   Data        1024  startup_stm32f10x_md.o(STACK)
    __initial_sp                             0x20000838   Data           0  startup_stm32f10x_md.o(STACK)

    Global Symbols

    Symbol Name                              Value     Ov Type        Size  Object(Section)

    BuildAttributes$$THM_ISAv4$P$D$K$B$S$PE$A:L22UL41UL21$X:L11$S22US41US21$IEEE1$IW$USESV6$~STKCKD$USESV7$~SHL$OTIME$ROPI$IEEEX$EBA8$UX$STANDARDLIB$REQ8$PRES8$EABIv2 0x00000000   Number         0  anon$$obj.o ABSOLUTE
    __ARM_use_no_argv                        0x00000000   Number         0  main.o ABSOLUTE
    _printf_flags                            0x00000000   Number         0  printf_stubs.o ABSOLUTE
    _printf_return_value                     0x00000000   Number         0  printf_stubs.o ABSOLUTE
    _printf_sizespec                         0x00000000   Number         0  printf_stubs.o ABSOLUTE
    _printf_widthprec                        0x00000000   Number         0  printf_stubs.o ABSOLUTE
    __ARM_exceptions_init                     - Undefined Weak Reference
    __alloca_initialize                       - Undefined Weak Reference
    __arm_preinit_                            - Undefined Weak Reference
    __cpp_initialize__aeabi_                  - Undefined Weak Reference
    __cxa_finalize                            - Undefined Weak Reference
    __sigvec_lookup                           - Undefined Weak Reference
    _atexit_init                              - Undefined Weak Reference
    _call_atexit_fns                          - Undefined Weak Reference
    _clock_init                               - Undefined Weak Reference
    _fp_trap_init                             - Undefined Weak Reference
    _fp_trap_shutdown                         - Undefined Weak Reference
    _get_lc_collate                           - Undefined Weak Reference
    _get_lc_monetary                          - Undefined Weak Reference
    _get_lc_time                              - Undefined Weak Reference
    _getenv_init                              - Undefined Weak Reference
    _handle_redirection                       - Undefined Weak Reference
    _init_alloc                               - Undefined Weak Reference
    _init_user_alloc                          - Undefined Weak Reference
    _initio                                   - Undefined Weak Reference
    _printf_mbtowc                            - Undefined Weak Reference
    _printf_wc                                - Undefined Weak Reference
    _rand_init                                - Undefined Weak Reference
    _signal_finish                            - Undefined Weak Reference
    _signal_init                              - Undefined Weak Reference
    _terminate_alloc                          - Undefined Weak Reference
    _terminate_user_alloc                     - Undefined Weak Reference
    _terminateio                              - Undefined Weak Reference
    __Vectors_Size                           0x000000ec   Number         0  startup_stm32f10x_md.o ABSOLUTE
    __Vectors                                0x08000000   Data           4  startup_stm32f10x_md.o(RESET)
    __Vectors_End                            0x080000ec   Data           0  startup_stm32f10x_md.o(RESET)
    __main                                   0x080000ed   Thumb Code     8  __main.o(!!!main)
    __scatterload                            0x080000f5   Thumb Code     0  __scatter.o(!!!scatter)
    __scatterload_rt2                        0x080000f5   Thumb Code    44  __scatter.o(!!!scatter)
    __scatterload_rt2_thumb_only             0x080000f5   Thumb Code     0  __scatter.o(!!!scatter)
    __scatterload_null                       0x08000103   Thumb Code     0  __scatter.o(!!!scatter)
    __scatterload_copy                       0x08000129   Thumb Code    26  __scatter_copy.o(!!handler_copy)
    __scatterload_zeroinit                   0x08000145   Thumb Code    28  __scatter_zi.o(!!handler_zi)
    _printf_f                                0x08000161   Thumb Code     0  _printf_f.o(.ARM.Collect$$_printf_percent$$00000003)
    _printf_percent                          0x08000161   Thumb Code     0  _printf_percent.o(.ARM.Collect$$_printf_percent$$00000000)
    _printf_d                                0x08000167   Thumb Code     0  _printf_d.o(.ARM.Collect$$_printf_percent$$00000009)
    _printf_percent_end                      0x0800016d   Thumb Code     0  _printf_percent_end.o(.ARM.Collect$$_printf_percent$$00000017)
    __rt_lib_init                            0x08000171   Thumb Code     0  libinit.o(.ARM.Collect$$libinit$$00000000)
    __rt_lib_init_fp_1                       0x08000173   Thumb Code     0  libinit2.o(.ARM.Collect$$libinit$$00000002)
    __rt_lib_init_heap_1                     0x08000173   Thumb Code     0  libinit2.o(.ARM.Collect$$libinit$$0000000A)
    __rt_lib_init_lc_common                  0x08000173   Thumb Code     0  libinit2.o(.ARM.Collect$$libinit$$0000000F)
    __rt_lib_init_preinit_1                  0x08000173   Thumb Code     0  libinit2.o(.ARM.Collect$$libinit$$00000004)
    __rt_lib_init_rand_1                     0x08000173   Thumb Code     0  libinit2.o(.ARM.Collect$$libinit$$0000000E)
    __rt_lib_init_user_alloc_1               0x08000173   Thumb Code     0  libinit2.o(.ARM.Collect$$libinit$$0000000C)
    __rt_lib_init_lc_collate_1               0x08000179   Thumb Code     0  libinit2.o(.ARM.Collect$$libinit$$00000011)
    __rt_lib_init_lc_ctype_2                 0x08000179   Thumb Code     0  libinit2.o(.ARM.Collect$$libinit$$00000012)
    __rt_lib_init_lc_ctype_1                 0x08000185   Thumb Code     0  libinit2.o(.ARM.Collect$$libinit$$00000013)
    __rt_lib_init_lc_monetary_1              0x08000185   Thumb Code     0  libinit2.o(.ARM.Collect$$libinit$$00000015)
    __rt_lib_init_lc_numeric_2               0x08000185   Thumb Code     0  libinit2.o(.ARM.Collect$$libinit$$00000016)
    __rt_lib_init_alloca_1                   0x0800018f   Thumb Code     0  libinit2.o(.ARM.Collect$$libinit$$0000002E)
    __rt_lib_init_argv_1                     0x0800018f   Thumb Code     0  libinit2.o(.ARM.Collect$$libinit$$0000002C)
    __rt_lib_init_atexit_1                   0x0800018f   Thumb Code     0  libinit2.o(.ARM.Collect$$libinit$$0000001B)
    __rt_lib_init_clock_1                    0x0800018f   Thumb Code     0  libinit2.o(.ARM.Collect$$libinit$$00000021)
    __rt_lib_init_cpp_1                      0x0800018f   Thumb Code     0  libinit2.o(.ARM.Collect$$libinit$$00000032)
    __rt_lib_init_exceptions_1               0x0800018f   Thumb Code     0  libinit2.o(.ARM.Collect$$libinit$$00000030)
    __rt_lib_init_fp_trap_1                  0x0800018f   Thumb Code     0  libinit2.o(.ARM.Collect$$libinit$$0000001F)
    __rt_lib_init_getenv_1                   0x0800018f   Thumb Code     0  libinit2.o(.ARM.Collect$$libinit$$00000023)
    __rt_lib_init_lc_numeric_1               0x0800018f   Thumb Code     0  libinit2.o(.ARM.Collect$$libinit$$00000017)
    __rt_lib_init_lc_time_1                  0x0800018f   Thumb Code     0  libinit2.o(.ARM.Collect$$libinit$$00000019)
    __rt_lib_init_return                     0x0800018f   Thumb Code     0  libinit2.o(.ARM.Collect$$libinit$$00000033)
    __rt_lib_init_signal_1                   0x0800018f   Thumb Code     0  libinit2.o(.ARM.Collect$$libinit$$0000001D)
    __rt_lib_init_stdio_1                    0x0800018f   Thumb Code     0  libinit2.o(.ARM.Collect$$libinit$$00000025)
    __rt_lib_shutdown                        0x08000191   Thumb Code     0  libshutdown.o(.ARM.Collect$$libshutdown$$00000000)
    __rt_lib_shutdown_cpp_1                  0x08000193   Thumb Code     0  libshutdown2.o(.ARM.Collect$$libshutdown$$00000002)
    __rt_lib_shutdown_fp_trap_1              0x08000193   Thumb Code     0  libshutdown2.o(.ARM.Collect$$libshutdown$$00000007)
    __rt_lib_shutdown_heap_1                 0x08000193   Thumb Code     0  libshutdown2.o(.ARM.Collect$$libshutdown$$0000000F)
    __rt_lib_shutdown_return                 0x08000193   Thumb Code     0  libshutdown2.o(.ARM.Collect$$libshutdown$$00000010)
    __rt_lib_shutdown_signal_1               0x08000193   Thumb Code     0  libshutdown2.o(.ARM.Collect$$libshutdown$$0000000A)
    __rt_lib_shutdown_stdio_1                0x08000193   Thumb Code     0  libshutdown2.o(.ARM.Collect$$libshutdown$$00000004)
    __rt_lib_shutdown_user_alloc_1           0x08000193   Thumb Code     0  libshutdown2.o(.ARM.Collect$$libshutdown$$0000000C)
    __rt_entry                               0x08000195   Thumb Code     0  __rtentry.o(.ARM.Collect$$rtentry$$00000000)
    __rt_entry_presh_1                       0x08000195   Thumb Code     0  __rtentry2.o(.ARM.Collect$$rtentry$$00000002)
    __rt_entry_sh                            0x08000195   Thumb Code     0  __rtentry4.o(.ARM.Collect$$rtentry$$00000004)
    __rt_entry_li                            0x0800019b   Thumb Code     0  __rtentry2.o(.ARM.Collect$$rtentry$$0000000A)
    __rt_entry_postsh_1                      0x0800019b   Thumb Code     0  __rtentry2.o(.ARM.Collect$$rtentry$$00000009)
    __rt_entry_main                          0x0800019f   Thumb Code     0  __rtentry2.o(.ARM.Collect$$rtentry$$0000000D)
    __rt_entry_postli_1                      0x0800019f   Thumb Code     0  __rtentry2.o(.ARM.Collect$$rtentry$$0000000C)
    __rt_exit                                0x080001a7   Thumb Code     0  rtexit.o(.ARM.Collect$$rtexit$$00000000)
    __rt_exit_ls                             0x080001a9   Thumb Code     0  rtexit2.o(.ARM.Collect$$rtexit$$00000003)
    __rt_exit_prels_1                        0x080001a9   Thumb Code     0  rtexit2.o(.ARM.Collect$$rtexit$$00000002)
    __rt_exit_exit                           0x080001ad   Thumb Code     0  rtexit2.o(.ARM.Collect$$rtexit$$00000004)
    Reset_Handler                            0x080001b5   Thumb Code     8  startup_stm32f10x_md.o(.text)
    ADC1_2_IRQHandler                        0x080001cf   Thumb Code     0  startup_stm32f10x_md.o(.text)
    CAN1_RX1_IRQHandler                      0x080001cf   Thumb Code     0  startup_stm32f10x_md.o(.text)
    CAN1_SCE_IRQHandler                      0x080001cf   Thumb Code     0  startup_stm32f10x_md.o(.text)
    DMA1_Channel1_IRQHandler                 0x080001cf   Thumb Code     0  startup_stm32f10x_md.o(.text)
    DMA1_Channel2_IRQHandler                 0x080001cf   Thumb Code     0  startup_stm32f10x_md.o(.text)
    DMA1_Channel3_IRQHandler                 0x080001cf   Thumb Code     0  startup_stm32f10x_md.o(.text)
    DMA1_Channel4_IRQHandler                 0x080001cf   Thumb Code     0  startup_stm32f10x_md.o(.text)
    DMA1_Channel5_IRQHandler                 0x080001cf   Thumb Code     0  startup_stm32f10x_md.o(.text)
    DMA1_Channel6_IRQHandler                 0x080001cf   Thumb Code     0  startup_stm32f10x_md.o(.text)
    DMA1_Channel7_IRQHandler                 0x080001cf   Thumb Code     0  startup_stm32f10x_md.o(.text)
    EXTI0_IRQHandler                         0x080001cf   Thumb Code     0  startup_stm32f10x_md.o(.text)
    EXTI15_10_IRQHandler                     0x080001cf   Thumb Code     0  startup_stm32f10x_md.o(.text)
    EXTI1_IRQHandler                         0x080001cf   Thumb Code     0  startup_stm32f10x_md.o(.text)
    EXTI2_IRQHandler                         0x080001cf   Thumb Code     0  startup_stm32f10x_md.o(.text)
    EXTI3_IRQHandler                         0x080001cf   Thumb Code     0  startup_stm32f10x_md.o(.text)
    EXTI4_IRQHandler                         0x080001cf   Thumb Code     0  startup_stm32f10x_md.o(.text)
    EXTI9_5_IRQHandler                       0x080001cf   Thumb Code     0  startup_stm32f10x_md.o(.text)
    FLASH_IRQHandler                         0x080001cf   Thumb Code     0  startup_stm32f10x_md.o(.text)
    I2C1_ER_IRQHandler                       0x080001cf   Thumb Code     0  startup_stm32f10x_md.o(.text)
    I2C1_EV_IRQHandler                       0x080001cf   Thumb Code     0  startup_stm32f10x_md.o(.text)
    I2C2_ER_IRQHandler                       0x080001cf   Thumb Code     0  startup_stm32f10x_md.o(.text)
    I2C2_EV_IRQHandler                       0x080001cf   Thumb Code     0  startup_stm32f10x_md.o(.text)
    PVD_IRQHandler                           0x080001cf   Thumb Code     0  startup_stm32f10x_md.o(.text)
    RCC_IRQHandler                           0x080001cf   Thumb Code     0  startup_stm32f10x_md.o(.text)
    RTCAlarm_IRQHandler                      0x080001cf   Thumb Code     0  startup_stm32f10x_md.o(.text)
    RTC_IRQHandler                           0x080001cf   Thumb Code     0  startup_stm32f10x_md.o(.text)
    SPI1_IRQHandler                          0x080001cf   Thumb Code     0  startup_stm32f10x_md.o(.text)
    SPI2_IRQHandler                          0x080001cf   Thumb Code     0  startup_stm32f10x_md.o(.text)
    TAMPER_IRQHandler                        0x080001cf   Thumb Code     0  startup_stm32f10x_md.o(.text)
    TIM1_BRK_IRQHandler                      0x080001cf   Thumb Code     0  startup_stm32f10x_md.o(.text)
    TIM1_CC_IRQHandler                       0x080001cf   Thumb Code     0  startup_stm32f10x_md.o(.text)
    TIM1_TRG_COM_IRQHandler                  0x080001cf   Thumb Code     0  startup_stm32f10x_md.o(.text)
    TIM1_UP_IRQHandler                       0x080001cf   Thumb Code     0  startup_stm32f10x_md.o(.text)
    TIM3_IRQHandler                          0x080001cf   Thumb Code     0  startup_stm32f10x_md.o(.text)
    TIM4_IRQHandler                          0x080001cf   Thumb Code     0  startup_stm32f10x_md.o(.text)
    USART2_IRQHandler                        0x080001cf   Thumb Code     0  startup_stm32f10x_md.o(.text)
    USART3_IRQHandler                        0x080001cf   Thumb Code     0  startup_stm32f10x_md.o(.text)
    USBWakeUp_IRQHandler                     0x080001cf   Thumb Code     0  startup_stm32f10x_md.o(.text)
    USB_HP_CAN1_TX_IRQHandler                0x080001cf   Thumb Code     0  startup_stm32f10x_md.o(.text)
    USB_LP_CAN1_RX0_IRQHandler               0x080001cf   Thumb Code     0  startup_stm32f10x_md.o(.text)
    WWDG_IRQHandler                          0x080001cf   Thumb Code     0  startup_stm32f10x_md.o(.text)
    __user_initial_stackheap                 0x080001d1   Thumb Code     0  startup_stm32f10x_md.o(.text)
    __2sprintf                               0x080001f5   Thumb Code    38  __2sprintf.o(.text)
    __2snprintf                              0x08000221   Thumb Code    50  __2snprintf.o(.text)
    _printf_pre_padding                      0x08000259   Thumb Code    44  _printf_pad.o(.text)
    _printf_post_padding                     0x08000285   Thumb Code    34  _printf_pad.o(.text)
    _printf_int_dec                          0x080002a9   Thumb Code   104  _printf_dec.o(.text)
    __printf                                 0x08000321   Thumb Code   388  __printf_flags_ss_wp.o(.text)
    strtok                                   0x080004a9   Thumb Code     6  strtok.o(.text)
    strcpy                                   0x080004b5   Thumb Code    72  strcpy.o(.text)
    strncmp                                  0x080004fd   Thumb Code   150  strncmp.o(.text)
    strncpy                                  0x08000593   Thumb Code    86  strncpy.o(.text)
    __use_two_region_memory                  0x080005e9   Thumb Code     2  heapauxi.o(.text)
    __rt_heap_escrow$2region                 0x080005eb   Thumb Code     2  heapauxi.o(.text)
    __rt_heap_expand$2region                 0x080005ed   Thumb Code     2  heapauxi.o(.text)
    __read_errno                             0x080005ef   Thumb Code    10  _rserrno.o(.text)
    __set_errno                              0x080005f9   Thumb Code    12  _rserrno.o(.text)
    _printf_int_common                       0x08000605   Thumb Code   178  _printf_intcommon.o(.text)
    __lib_sel_fp_printf                      0x080006b7   Thumb Code     2  _printf_fp_dec.o(.text)
    _printf_fp_dec_real                      0x08000869   Thumb Code   620  _printf_fp_dec.o(.text)
    _printf_char_common                      0x08000adf   Thumb Code    32  _printf_char_common.o(.text)
    _sputc                                   0x08000b05   Thumb Code    10  _sputc.o(.text)
    _snputc                                  0x08000b0f   Thumb Code    16  _snputc.o(.text)
    __strtod_int                             0x08000b5d   Thumb Code    90  strtod.o(.text)
    __strtok_internal                        0x08000bc5   Thumb Code    64  strtok_int.o(.text)
    __aeabi_memclr                           0x08000c09   Thumb Code     0  rt_memclr.o(.text)
    __rt_memclr                              0x08000c09   Thumb Code    68  rt_memclr.o(.text)
    _memset                                  0x08000c0d   Thumb Code     0  rt_memclr.o(.text)
    __rt_locale                              0x08000c4d   Thumb Code     8  rt_locale_intlibspace.o(.text)
    __aeabi_errno_addr                       0x08000c55   Thumb Code     8  rt_errno_addr_intlibspace.o(.text)
    __errno$intlibspace                      0x08000c55   Thumb Code     0  rt_errno_addr_intlibspace.o(.text)
    __rt_errno_addr$intlibspace              0x08000c55   Thumb Code     0  rt_errno_addr_intlibspace.o(.text)
    _ll_udiv10                               0x08000c5d   Thumb Code   138  lludiv10.o(.text)
    isspace                                  0x08000ce7   Thumb Code    18  isspace.o(.text)
    _printf_fp_infnan                        0x08000cf9   Thumb Code   112  _printf_fp_infnan.o(.text)
    _sgetc                                   0x08000d79   Thumb Code    30  _sgetc.o(.text)
    _sbackspace                              0x08000d97   Thumb Code    34  _sgetc.o(.text)
    _btod_etento                             0x08000db9   Thumb Code   224  bigflt0.o(.text)
    strcspn                                  0x08000e9d   Thumb Code    32  strcspn.o(.text)
    strspn                                   0x08000ebd   Thumb Code    28  strspn.o(.text)
    __aeabi_memclr4                          0x08000ed9   Thumb Code     0  rt_memclr_w.o(.text)
    __aeabi_memclr8                          0x08000ed9   Thumb Code     0  rt_memclr_w.o(.text)
    __rt_memclr_w                            0x08000ed9   Thumb Code    78  rt_memclr_w.o(.text)
    _memset_w                                0x08000edd   Thumb Code     0  rt_memclr_w.o(.text)
    __user_libspace                          0x08000f29   Thumb Code     8  libspace.o(.text)
    __user_perproc_libspace                  0x08000f29   Thumb Code     0  libspace.o(.text)
    __user_perthread_libspace                0x08000f29   Thumb Code     0  libspace.o(.text)
    __user_setup_stackheap                   0x08000f31   Thumb Code    74  sys_stackheap_outer.o(.text)
    __rt_ctype_table                         0x08000f7d   Thumb Code    16  rt_ctype_table.o(.text)
    _scanf_really_real                       0x080011d9   Thumb Code   684  scanf_fp.o(.text)
    exit                                     0x08001485   Thumb Code    18  exit.o(.text)
    strcmp                                   0x08001499   Thumb Code   128  strcmpv7m.o(.text)
    _scanf_really_hex_real                   0x08001519   Thumb Code   786  scanf_hexfp.o(.text)
    _scanf_really_infnan                     0x08001839   Thumb Code   292  scanf_infnan.o(.text)
    _sys_exit                                0x0800196d   Thumb Code     8  sys_exit.o(.text)
    __aeabi_llsl                             0x08001979   Thumb Code     0  llshl.o(.text)
    _ll_shift_l                              0x08001979   Thumb Code    38  llshl.o(.text)
    _chval                                   0x0800199f   Thumb Code    28  _chval.o(.text)
    __I$use$semihosting                      0x080019bb   Thumb Code     0  use_no_semi.o(.text)
    __use_no_semihosting_swi                 0x080019bb   Thumb Code     2  use_no_semi.o(.text)
    __semihosting_library_function           0x080019bd   Thumb Code     0  indicate_semi.o(.text)
    _btod_d2e                                0x080019bd   Thumb Code    62  btod.o(CL$$btod_d2e)
    _d2e_denorm_low                          0x080019fb   Thumb Code    70  btod.o(CL$$btod_d2e_denorm_low)
    _d2e_norm_op1                            0x08001a41   Thumb Code    96  btod.o(CL$$btod_d2e_norm_op1)
    __btod_div_common                        0x08001aa1   Thumb Code   696  btod.o(CL$$btod_div_common)
    _e2d                                     0x08001dd9   Thumb Code   122  btod.o(CL$$btod_e2d)
    _e2e                                     0x08001e5d   Thumb Code   220  btod.o(CL$$btod_e2e)
    _btod_ediv                               0x08001f39   Thumb Code    42  btod.o(CL$$btod_ediv)
    _btod_edivd                              0x08001f63   Thumb Code    42  btod.o(CL$$btod_edivd)
    _btod_emul                               0x08001f8d   Thumb Code    42  btod.o(CL$$btod_emul)
    _btod_emuld                              0x08001fb7   Thumb Code    42  btod.o(CL$$btod_emuld)
    __btod_mult_common                       0x08001fe1   Thumb Code   580  btod.o(CL$$btod_mult_common)
    BusFault_Handler                         0x08002225   Thumb Code     4  stm32f10x_it.o(i.BusFault_Handler)
    DMA_Cmd                                  0x08002229   Thumb Code    24  stm32f10x_dma.o(i.DMA_Cmd)
    DMA_GetCurrDataCounter                   0x08002241   Thumb Code     8  stm32f10x_dma.o(i.DMA_GetCurrDataCounter)
    DMA_Init                                 0x08002249   Thumb Code    60  stm32f10x_dma.o(i.DMA_Init)
    DebugMon_Handler                         0x08002285   Thumb Code     2  stm32f10x_it.o(i.DebugMon_Handler)
    Delay_us                                 0x08002287   Thumb Code    46  delay.o(i.Delay_us)
    DisplaySlopeAngle                        0x080022b5   Thumb Code   154  mpu6050.o(i.DisplaySlopeAngle)
    GPIO_Init                                0x08002365   Thumb Code   278  stm32f10x_gpio.o(i.GPIO_Init)
    GPIO_ReadInputDataBit                    0x0800247b   Thumb Code    18  stm32f10x_gpio.o(i.GPIO_ReadInputDataBit)
    GPIO_SetBits                             0x0800248d   Thumb Code     4  stm32f10x_gpio.o(i.GPIO_SetBits)
    GPIO_WriteBit                            0x08002491   Thumb Code    10  stm32f10x_gpio.o(i.GPIO_WriteBit)
    GPS_Init                                 0x0800249d   Thumb Code   200  gps.o(i.GPS_Init)
    GPS_ParseNMEA                            0x08002575   Thumb Code    22  gps.o(i.GPS_ParseNMEA)
    GPS_Process                              0x08002595   Thumb Code   128  gps.o(i.GPS_Process)
    GPS_SaveToFlash                          0x08002625   Thumb Code    50  gps.o(i.GPS_SaveToFlash)
    GPS_UpdateOLED                           0x08002665   Thumb Code   104  gps.o(i.GPS_UpdateOLED)
    HardFault_Handler                        0x080026d9   Thumb Code     4  stm32f10x_it.o(i.HardFault_Handler)
    MPU6050_GetData                          0x080026dd   Thumb Code   172  mpu6050.o(i.MPU6050_GetData)
    MPU6050_Init                             0x08002789   Thumb Code    56  mpu6050.o(i.MPU6050_Init)
    MPU6050_R_Reg                            0x080027c1   Thumb Code    62  mpu6050.o(i.MPU6050_R_Reg)
    MPU6050_W_Reg                            0x080027ff   Thumb Code    46  mpu6050.o(i.MPU6050_W_Reg)
    MemManage_Handler                        0x0800282d   Thumb Code     4  stm32f10x_it.o(i.MemManage_Handler)
    MyI2C_Init                               0x08002831   Thumb Code    44  myi2c.o(i.MyI2C_Init)
    MyI2C_R_SDA                              0x08002861   Thumb Code    22  myi2c.o(i.MyI2C_R_SDA)
    MyI2C_ReceiveAck                         0x0800287d   Thumb Code    30  myi2c.o(i.MyI2C_ReceiveAck)
    MyI2C_ReceiveByte                        0x0800289b   Thumb Code    52  myi2c.o(i.MyI2C_ReceiveByte)
    MyI2C_SendAck                            0x080028cf   Thumb Code    24  myi2c.o(i.MyI2C_SendAck)
    MyI2C_SendByte                           0x080028e7   Thumb Code    40  myi2c.o(i.MyI2C_SendByte)
    MyI2C_Start                              0x0800290f   Thumb Code    28  myi2c.o(i.MyI2C_Start)
    MyI2C_Stop                               0x0800292b   Thumb Code    22  myi2c.o(i.MyI2C_Stop)
    MyI2C_W_SCL                              0x08002941   Thumb Code    22  myi2c.o(i.MyI2C_W_SCL)
    MyI2C_W_SDA                              0x0800295d   Thumb Code    22  myi2c.o(i.MyI2C_W_SDA)
    MySPI_Init                               0x08002979   Thumb Code    76  myspi.o(i.MySPI_Init)
    MySPI_R_MOSO                             0x080029c9   Thumb Code    12  myspi.o(i.MySPI_R_MOSO)
    MySPI_Start                              0x080029d9   Thumb Code    10  myspi.o(i.MySPI_Start)
    MySPI_Stop                               0x080029e3   Thumb Code    10  myspi.o(i.MySPI_Stop)
    MySPI_SwapByte                           0x080029ed   Thumb Code    60  myspi.o(i.MySPI_SwapByte)
    MySPI_W_CS                               0x08002a29   Thumb Code    16  myspi.o(i.MySPI_W_CS)
    MySPI_W_MOSI                             0x08002a3d   Thumb Code    16  myspi.o(i.MySPI_W_MOSI)
    MySPI_W_SCK                              0x08002a51   Thumb Code    16  myspi.o(i.MySPI_W_SCK)
    NMI_Handler                              0x08002a65   Thumb Code     2  stm32f10x_it.o(i.NMI_Handler)
    NVIC_Init                                0x08002a69   Thumb Code   100  misc.o(i.NVIC_Init)
    NVIC_PriorityGroupConfig                 0x08002ad9   Thumb Code    10  misc.o(i.NVIC_PriorityGroupConfig)
    OLED_Clear                               0x08002aed   Thumb Code    42  oled.o(i.OLED_Clear)
    OLED_I2C_Init                            0x08002b19   Thumb Code    76  oled.o(i.OLED_I2C_Init)
    OLED_I2C_SendByte                        0x08002b69   Thumb Code    80  oled.o(i.OLED_I2C_SendByte)
    OLED_I2C_Start                           0x08002bbd   Thumb Code    48  oled.o(i.OLED_I2C_Start)
    OLED_I2C_Stop                            0x08002bf1   Thumb Code    36  oled.o(i.OLED_I2C_Stop)
    OLED_Init                                0x08002c19   Thumb Code   174  oled.o(i.OLED_Init)
    OLED_SetCursor                           0x08002cc7   Thumb Code    34  oled.o(i.OLED_SetCursor)
    OLED_ShowChar                            0x08002ce9   Thumb Code   110  oled.o(i.OLED_ShowChar)
    OLED_ShowString                          0x08002d5d   Thumb Code    40  oled.o(i.OLED_ShowString)
    OLED_WriteCommand                        0x08002d85   Thumb Code    32  oled.o(i.OLED_WriteCommand)
    OLED_WriteData                           0x08002da5   Thumb Code    32  oled.o(i.OLED_WriteData)
    Parse_GPRMC                              0x08002dc5   Thumb Code   218  gps.o(i.Parse_GPRMC)
    PendSV_Handler                           0x08002ead   Thumb Code     2  stm32f10x_it.o(i.PendSV_Handler)
    RCC_AHBPeriphClockCmd                    0x08002eb1   Thumb Code    26  stm32f10x_rcc.o(i.RCC_AHBPeriphClockCmd)
    RCC_APB1PeriphClockCmd                   0x08002ed1   Thumb Code    26  stm32f10x_rcc.o(i.RCC_APB1PeriphClockCmd)
    RCC_APB2PeriphClockCmd                   0x08002ef1   Thumb Code    26  stm32f10x_rcc.o(i.RCC_APB2PeriphClockCmd)
    RCC_GetClocksFreq                        0x08002f11   Thumb Code   192  stm32f10x_rcc.o(i.RCC_GetClocksFreq)
    SVC_Handler                              0x08002fe5   Thumb Code     2  stm32f10x_it.o(i.SVC_Handler)
    Serial_Init                              0x08002fe9   Thumb Code   174  serial.o(i.Serial_Init)
    SysTick_Handler                          0x08003189   Thumb Code     2  stm32f10x_it.o(i.SysTick_Handler)
    SystemInit                               0x0800318d   Thumb Code    78  system_stm32f10x.o(i.SystemInit)
    TIM2_Capture_Init                        0x0800342d   Thumb Code   164  timer.o(i.TIM2_Capture_Init)
    TIM2_IRQHandler                          0x080034d5   Thumb Code    96  timer.o(i.TIM2_IRQHandler)
    TIM_ClearITPendingBit                    0x08003545   Thumb Code     6  stm32f10x_tim.o(i.TIM_ClearITPendingBit)
    TIM_Cmd                                  0x0800354b   Thumb Code    24  stm32f10x_tim.o(i.TIM_Cmd)
    TIM_GetCapture1                          0x08003563   Thumb Code     6  stm32f10x_tim.o(i.TIM_GetCapture1)
    TIM_GetITStatus                          0x08003569   Thumb Code    34  stm32f10x_tim.o(i.TIM_GetITStatus)
    TIM_ICInit                               0x0800358d   Thumb Code   150  stm32f10x_tim.o(i.TIM_ICInit)
    TIM_ITConfig                             0x08003639   Thumb Code    18  stm32f10x_tim.o(i.TIM_ITConfig)
    TIM_SetIC1Prescaler                      0x0800364b   Thumb Code    18  stm32f10x_tim.o(i.TIM_SetIC1Prescaler)
    TIM_SetIC2Prescaler                      0x0800365d   Thumb Code    26  stm32f10x_tim.o(i.TIM_SetIC2Prescaler)
    TIM_SetIC3Prescaler                      0x08003677   Thumb Code    18  stm32f10x_tim.o(i.TIM_SetIC3Prescaler)
    TIM_SetIC4Prescaler                      0x08003689   Thumb Code    26  stm32f10x_tim.o(i.TIM_SetIC4Prescaler)
    TIM_TimeBaseInit                         0x080036a5   Thumb Code   122  stm32f10x_tim.o(i.TIM_TimeBaseInit)
    USART1_IRQHandler                        0x08003749   Thumb Code   140  serial.o(i.USART1_IRQHandler)
    USART_ClearITPendingBit                  0x080037e9   Thumb Code    30  stm32f10x_usart.o(i.USART_ClearITPendingBit)
    USART_Cmd                                0x08003807   Thumb Code    24  stm32f10x_usart.o(i.USART_Cmd)
    USART_DMACmd                             0x0800381f   Thumb Code    18  stm32f10x_usart.o(i.USART_DMACmd)
    USART_GetITStatus                        0x08003831   Thumb Code    84  stm32f10x_usart.o(i.USART_GetITStatus)
    USART_ITConfig                           0x08003885   Thumb Code    74  stm32f10x_usart.o(i.USART_ITConfig)
    USART_Init                               0x080038d1   Thumb Code   210  stm32f10x_usart.o(i.USART_Init)
    USART_ReceiveData                        0x080039a9   Thumb Code    10  stm32f10x_usart.o(i.USART_ReceiveData)
    UsageFault_Handler                       0x080039b3   Thumb Code     4  stm32f10x_it.o(i.UsageFault_Handler)
    W25Q64_Init                              0x080039b7   Thumb Code     8  w25q64.o(i.W25Q64_Init)
    W25Q64_PageProgram                       0x080039bf   Thumb Code    76  w25q64.o(i.W25Q64_PageProgram)
    W25Q64_SectorErase                       0x08003a0b   Thumb Code    50  w25q64.o(i.W25Q64_SectorErase)
    W25Q64_WaitBusy                          0x08003a3d   Thumb Code    46  w25q64.o(i.W25Q64_WaitBusy)
    W25Q64_WriteEnable                       0x08003a6b   Thumb Code    18  w25q64.o(i.W25Q64_WriteEnable)
    __ARM_fpclassify                         0x08003a7d   Thumb Code    40  fpclassify.o(i.__ARM_fpclassify)
    __ARM_fpclassifyf                        0x08003aa5   Thumb Code    38  fpclassifyf.o(i.__ARM_fpclassifyf)
    __mathlib_dbl_overflow                   0x08003acb   Thumb Code    14  dunder.o(i.__mathlib_dbl_overflow)
    __mathlib_dbl_underflow                  0x08003ad9   Thumb Code    10  dunder.o(i.__mathlib_dbl_underflow)
    __mathlib_flt_infnan2                    0x08003ae9   Thumb Code     4  funder.o(i.__mathlib_flt_infnan2)
    __mathlib_flt_underflow                  0x08003aed   Thumb Code    10  funder.o(i.__mathlib_flt_underflow)
    __mathlib_narrow                         0x08003af7   Thumb Code    16  narrow.o(i.__mathlib_narrow)
    __mathlib_tofloat                        0x08003b09   Thumb Code   184  narrow.o(i.__mathlib_tofloat)
    __support_ldexp                          0x08003bc5   Thumb Code    22  ldexp.o(i.__support_ldexp)
    _is_digit                                0x08003bdb   Thumb Code    14  __printf_wp.o(i._is_digit)
    atan2f                                   0x08003be9   Thumb Code   528  atan2f.o(i.atan2f)
    atof                                     0x08003e45   Thumb Code    42  atof.o(i.atof)
    convertToDegrees                         0x08003e71   Thumb Code   142  gps.o(i.convertToDegrees)
    formatTime                               0x08003f0d   Thumb Code    84  gps.o(i.formatTime)
    frexp                                    0x08003f71   Thumb Code    80  frexp.o(i.frexp)
    ldexp                                    0x08003fc9   Thumb Code   116  ldexp.o(i.ldexp)
    main                                     0x0800403d   Thumb Code    76  main.o(i.main)
    processGPSData                           0x080040a9   Thumb Code    78  gps.o(i.processGPSData)
    round                                    0x08004101   Thumb Code   136  round.o(i.round)
    sqrtf                                    0x08004195   Thumb Code    44  sqrtf.o(i.sqrtf)
    _get_lc_numeric                          0x080041c1   Thumb Code    44  lc_numeric_c.o(locale$$code)
    _get_lc_ctype                            0x080041ed   Thumb Code    44  lc_ctype_c.o(locale$$code)
    __aeabi_d2f                              0x08004219   Thumb Code     0  d2f.o(x$fpl$d2f)
    _d2f                                     0x08004219   Thumb Code    98  d2f.o(x$fpl$d2f)
    __aeabi_dadd                             0x0800427d   Thumb Code     0  daddsub_clz.o(x$fpl$dadd)
    _dadd                                    0x0800427d   Thumb Code   332  daddsub_clz.o(x$fpl$dadd)
    __fpl_dcheck_NaN1                        0x080043cd   Thumb Code    10  dcheck1.o(x$fpl$dcheck1)
    __fpl_dcmp_Inf                           0x080043dd   Thumb Code    24  dcmpi.o(x$fpl$dcmpinf)
    __aeabi_ddiv                             0x080043f5   Thumb Code     0  ddiv.o(x$fpl$ddiv)
    _ddiv                                    0x080043f5   Thumb Code   552  ddiv.o(x$fpl$ddiv)
    __aeabi_cdcmpeq                          0x080046a5   Thumb Code     0  deqf.o(x$fpl$deqf)
    _dcmpeq                                  0x080046a5   Thumb Code   120  deqf.o(x$fpl$deqf)
    __aeabi_d2iz                             0x0800471d   Thumb Code     0  dfix.o(x$fpl$dfix)
    _dfix                                    0x0800471d   Thumb Code    94  dfix.o(x$fpl$dfix)
    __aeabi_i2d                              0x0800477b   Thumb Code     0  dflt_clz.o(x$fpl$dflt)
    _dflt                                    0x0800477b   Thumb Code    46  dflt_clz.o(x$fpl$dflt)
    __aeabi_cdcmple                          0x080047a9   Thumb Code     0  dleqf.o(x$fpl$dleqf)
    _dcmple                                  0x080047a9   Thumb Code   120  dleqf.o(x$fpl$dleqf)
    __fpl_dcmple_InfNaN                      0x0800480b   Thumb Code     0  dleqf.o(x$fpl$dleqf)
    __aeabi_dmul                             0x08004821   Thumb Code     0  dmul.o(x$fpl$dmul)
    _dmul                                    0x08004821   Thumb Code   332  dmul.o(x$fpl$dmul)
    __fpl_dnaninf                            0x08004975   Thumb Code   156  dnaninf.o(x$fpl$dnaninf)
    __fpl_dretinf                            0x08004a11   Thumb Code    12  dretinf.o(x$fpl$dretinf)
    __aeabi_cdrcmple                         0x08004a1d   Thumb Code     0  drleqf.o(x$fpl$drleqf)
    _drcmple                                 0x08004a1d   Thumb Code   108  drleqf.o(x$fpl$drleqf)
    _drnd                                    0x08004a89   Thumb Code   180  drnd.o(x$fpl$drnd)
    __aeabi_drsub                            0x08004b3d   Thumb Code     0  daddsub_clz.o(x$fpl$drsb)
    _drsb                                    0x08004b3d   Thumb Code    22  daddsub_clz.o(x$fpl$drsb)
    __aeabi_dsub                             0x08004b55   Thumb Code     0  daddsub_clz.o(x$fpl$dsub)
    _dsub                                    0x08004b55   Thumb Code   464  daddsub_clz.o(x$fpl$dsub)
    __aeabi_f2d                              0x08004d29   Thumb Code     0  f2d.o(x$fpl$f2d)
    _f2d                                     0x08004d29   Thumb Code    86  f2d.o(x$fpl$f2d)
    __aeabi_fadd                             0x08004d81   Thumb Code     0  faddsub_clz.o(x$fpl$fadd)
    _fadd                                    0x08004d81   Thumb Code   196  faddsub_clz.o(x$fpl$fadd)
    __fpl_fcheck_NaN1                        0x08004e45   Thumb Code     6  fcheck1.o(x$fpl$fcheck1)
    __aeabi_fdiv                             0x08004e51   Thumb Code     0  fdiv.o(x$fpl$fdiv)
    _fdiv                                    0x08004e51   Thumb Code   384  fdiv.o(x$fpl$fdiv)
    __aeabi_i2f                              0x08004fd5   Thumb Code     0  fflt_clz.o(x$fpl$fflt)
    _fflt                                    0x08004fd5   Thumb Code    48  fflt_clz.o(x$fpl$fflt)
    __aeabi_fmul                             0x08005005   Thumb Code     0  fmul.o(x$fpl$fmul)
    _fmul                                    0x08005005   Thumb Code   258  fmul.o(x$fpl$fmul)
    __fpl_fnaninf                            0x08005107   Thumb Code   140  fnaninf.o(x$fpl$fnaninf)
    __fpl_fretinf                            0x08005193   Thumb Code    10  fretinf.o(x$fpl$fretinf)
    __aeabi_frsub                            0x0800519d   Thumb Code     0  faddsub_clz.o(x$fpl$frsb)
    _frsb                                    0x0800519d   Thumb Code    20  faddsub_clz.o(x$fpl$frsb)
    _fsqrt                                   0x080051b1   Thumb Code   272  fsqrt.o(x$fpl$fsqrt)
    __aeabi_fsub                             0x080052c1   Thumb Code     0  faddsub_clz.o(x$fpl$fsub)
    _fsub                                    0x080052c1   Thumb Code   234  faddsub_clz.o(x$fpl$fsub)
    __ieee_status                            0x080053ab   Thumb Code     6  istatus.o(x$fpl$ieeestatus)
    _printf_fp_dec                           0x080053b1   Thumb Code     4  printf1.o(x$fpl$printf1)
    __fpl_return_NaN                         0x080053b5   Thumb Code   100  retnan.o(x$fpl$retnan)
    __ARM_scalbn                             0x08005419   Thumb Code    92  scalbn.o(x$fpl$scalbn)
    __ARM_scalbnf                            0x08005475   Thumb Code    76  scalbnf.o(x$fpl$scalbnf)
    _scanf_real                              0x080054c1   Thumb Code     4  scanf1.o(x$fpl$scanf1)
    _scanf_hex_real                          0x080054c5   Thumb Code     4  scanf2.o(x$fpl$scanf2)
    _scanf_infnan                            0x080054c9   Thumb Code     4  scanf2.o(x$fpl$scanf2)
    __fpl_cmpreturn                          0x080054cd   Thumb Code    48  trapv.o(x$fpl$trapveneer)
    OLED_F8x16                               0x080054fc   Data        1520  oled.o(.constdata)
    __I$use$fp                               0x080054fc   Number         0  usenofp.o(x$fpl$usenofp)
    Region$$Table$$Base                      0x08005b94   Number         0  anon$$obj.o(Region$$Table)
    Region$$Table$$Limit                     0x08005bb4   Number         0  anon$$obj.o(Region$$Table)
    __aeabi_HUGE_VAL                         0x08005bb4   Data           0  fpconst.o(c$$dinf)
    __aeabi_HUGE_VALL                        0x08005bb4   Data           0  fpconst.o(c$$dinf)
    __aeabi_INFINITY                         0x08005bb4   Data           0  fpconst.o(c$$dinf)
    __dInf                                   0x08005bb4   Data           0  fpconst.o(c$$dinf)
    __huge_val                               0x08005bb4   Data           0  fpconst.o(c$$dinf)
    __dbl_max                                0x08005bbc   Data           0  fpconst.o(c$$dmax)
    __ctype                                  0x08005bed   Data           0  lc_ctype_c.o(locale$$data)
    gpsDataIndex                             0x20000014   Data           2  gps.o(.data)
    Serial_RxFlag                            0x2000001c   Data           1  serial.o(.data)
    lastCaptureTime                          0x20000020   Data           4  main.o(.data)
    wheelRPM                                 0x20000024   Data           4  main.o(.data)
    wheelSpeed_kmh                           0x20000028   Data           4  main.o(.data)
    gpsBuffer                                0x20000030   Data         256  gps.o(.bss)
    gps_data                                 0x20000130   Data          54  gps.o(.bss)
    Serial_RxPacket                          0x20000166   Data         100  serial.o(.bss)
    angleStr                                 0x200001ca   Data          10  main.o(.bss)
    __libspace_start                         0x200001d4   Data          96  libspace.o(.bss)
    __temporary_stack_top$libspace           0x20000234   Data           0  libspace.o(.bss)



==============================================================================

Memory Map of the image

  Image Entry point : 0x080001b5

  Load Region LR_1 (Base: 0x08000000, Size: 0x00005d20, Max: 0xffffffff, ABSOLUTE)

    Execution Region ER_RO (Exec base: 0x08000000, Load base: 0x08000000, Size: 0x00005cf0, Max: 0xffffffff, ABSOLUTE)

    Exec Addr    Load Addr    Size         Type   Attr      Idx    E Section Name        Object

    0x08000000   0x08000000   0x000000ec   Data   RO         3173    RESET               startup_stm32f10x_md.o
    0x080000ec   0x080000ec   0x00000008   Code   RO         4007  * !!!main             c_w.l(__main.o)
    0x080000f4   0x080000f4   0x00000034   Code   RO         4497    !!!scatter          c_w.l(__scatter.o)
    0x08000128   0x08000128   0x0000001a   Code   RO         4499    !!handler_copy      c_w.l(__scatter_copy.o)
    0x08000142   0x08000142   0x00000002   PAD
    0x08000144   0x08000144   0x0000001c   Code   RO         4501    !!handler_zi        c_w.l(__scatter_zi.o)
    0x08000160   0x08000160   0x00000000   Code   RO         3995    .ARM.Collect$$_printf_percent$$00000000  c_w.l(_printf_percent.o)
    0x08000160   0x08000160   0x00000006   Code   RO         3994    .ARM.Collect$$_printf_percent$$00000003  c_w.l(_printf_f.o)
    0x08000166   0x08000166   0x00000006   Code   RO         3993    .ARM.Collect$$_printf_percent$$00000009  c_w.l(_printf_d.o)
    0x0800016c   0x0800016c   0x00000004   Code   RO         4137    .ARM.Collect$$_printf_percent$$00000017  c_w.l(_printf_percent_end.o)
    0x08000170   0x08000170   0x00000002   Code   RO         4298    .ARM.Collect$$libinit$$00000000  c_w.l(libinit.o)
    0x08000172   0x08000172   0x00000000   Code   RO         4300    .ARM.Collect$$libinit$$00000002  c_w.l(libinit2.o)
    0x08000172   0x08000172   0x00000000   Code   RO         4302    .ARM.Collect$$libinit$$00000004  c_w.l(libinit2.o)
    0x08000172   0x08000172   0x00000000   Code   RO         4305    .ARM.Collect$$libinit$$0000000A  c_w.l(libinit2.o)
    0x08000172   0x08000172   0x00000000   Code   RO         4307    .ARM.Collect$$libinit$$0000000C  c_w.l(libinit2.o)
    0x08000172   0x08000172   0x00000000   Code   RO         4309    .ARM.Collect$$libinit$$0000000E  c_w.l(libinit2.o)
    0x08000172   0x08000172   0x00000006   Code   RO         4310    .ARM.Collect$$libinit$$0000000F  c_w.l(libinit2.o)
    0x08000178   0x08000178   0x00000000   Code   RO         4312    .ARM.Collect$$libinit$$00000011  c_w.l(libinit2.o)
    0x08000178   0x08000178   0x0000000c   Code   RO         4313    .ARM.Collect$$libinit$$00000012  c_w.l(libinit2.o)
    0x08000184   0x08000184   0x00000000   Code   RO         4314    .ARM.Collect$$libinit$$00000013  c_w.l(libinit2.o)
    0x08000184   0x08000184   0x00000000   Code   RO         4316    .ARM.Collect$$libinit$$00000015  c_w.l(libinit2.o)
    0x08000184   0x08000184   0x0000000a   Code   RO         4317    .ARM.Collect$$libinit$$00000016  c_w.l(libinit2.o)
    0x0800018e   0x0800018e   0x00000000   Code   RO         4318    .ARM.Collect$$libinit$$00000017  c_w.l(libinit2.o)
    0x0800018e   0x0800018e   0x00000000   Code   RO         4320    .ARM.Collect$$libinit$$00000019  c_w.l(libinit2.o)
    0x0800018e   0x0800018e   0x00000000   Code   RO         4322    .ARM.Collect$$libinit$$0000001B  c_w.l(libinit2.o)
    0x0800018e   0x0800018e   0x00000000   Code   RO         4324    .ARM.Collect$$libinit$$0000001D  c_w.l(libinit2.o)
    0x0800018e   0x0800018e   0x00000000   Code   RO         4326    .ARM.Collect$$libinit$$0000001F  c_w.l(libinit2.o)
    0x0800018e   0x0800018e   0x00000000   Code   RO         4328    .ARM.Collect$$libinit$$00000021  c_w.l(libinit2.o)
    0x0800018e   0x0800018e   0x00000000   Code   RO         4330    .ARM.Collect$$libinit$$00000023  c_w.l(libinit2.o)
    0x0800018e   0x0800018e   0x00000000   Code   RO         4332    .ARM.Collect$$libinit$$00000025  c_w.l(libinit2.o)
    0x0800018e   0x0800018e   0x00000000   Code   RO         4336    .ARM.Collect$$libinit$$0000002C  c_w.l(libinit2.o)
    0x0800018e   0x0800018e   0x00000000   Code   RO         4338    .ARM.Collect$$libinit$$0000002E  c_w.l(libinit2.o)
    0x0800018e   0x0800018e   0x00000000   Code   RO         4340    .ARM.Collect$$libinit$$00000030  c_w.l(libinit2.o)
    0x0800018e   0x0800018e   0x00000000   Code   RO         4342    .ARM.Collect$$libinit$$00000032  c_w.l(libinit2.o)
    0x0800018e   0x0800018e   0x00000002   Code   RO         4343    .ARM.Collect$$libinit$$00000033  c_w.l(libinit2.o)
    0x08000190   0x08000190   0x00000002   Code   RO         4414    .ARM.Collect$$libshutdown$$00000000  c_w.l(libshutdown.o)
    0x08000192   0x08000192   0x00000000   Code   RO         4439    .ARM.Collect$$libshutdown$$00000002  c_w.l(libshutdown2.o)
    0x08000192   0x08000192   0x00000000   Code   RO         4441    .ARM.Collect$$libshutdown$$00000004  c_w.l(libshutdown2.o)
    0x08000192   0x08000192   0x00000000   Code   RO         4444    .ARM.Collect$$libshutdown$$00000007  c_w.l(libshutdown2.o)
    0x08000192   0x08000192   0x00000000   Code   RO         4447    .ARM.Collect$$libshutdown$$0000000A  c_w.l(libshutdown2.o)
    0x08000192   0x08000192   0x00000000   Code   RO         4449    .ARM.Collect$$libshutdown$$0000000C  c_w.l(libshutdown2.o)
    0x08000192   0x08000192   0x00000000   Code   RO         4452    .ARM.Collect$$libshutdown$$0000000F  c_w.l(libshutdown2.o)
    0x08000192   0x08000192   0x00000002   Code   RO         4453    .ARM.Collect$$libshutdown$$00000010  c_w.l(libshutdown2.o)
    0x08000194   0x08000194   0x00000000   Code   RO         4075    .ARM.Collect$$rtentry$$00000000  c_w.l(__rtentry.o)
    0x08000194   0x08000194   0x00000000   Code   RO         4193    .ARM.Collect$$rtentry$$00000002  c_w.l(__rtentry2.o)
    0x08000194   0x08000194   0x00000006   Code   RO         4205    .ARM.Collect$$rtentry$$00000004  c_w.l(__rtentry4.o)
    0x0800019a   0x0800019a   0x00000000   Code   RO         4195    .ARM.Collect$$rtentry$$00000009  c_w.l(__rtentry2.o)
    0x0800019a   0x0800019a   0x00000004   Code   RO         4196    .ARM.Collect$$rtentry$$0000000A  c_w.l(__rtentry2.o)
    0x0800019e   0x0800019e   0x00000000   Code   RO         4198    .ARM.Collect$$rtentry$$0000000C  c_w.l(__rtentry2.o)
    0x0800019e   0x0800019e   0x00000008   Code   RO         4199    .ARM.Collect$$rtentry$$0000000D  c_w.l(__rtentry2.o)
    0x080001a6   0x080001a6   0x00000002   Code   RO         4346    .ARM.Collect$$rtexit$$00000000  c_w.l(rtexit.o)
    0x080001a8   0x080001a8   0x00000000   Code   RO         4374    .ARM.Collect$$rtexit$$00000002  c_w.l(rtexit2.o)
    0x080001a8   0x080001a8   0x00000004   Code   RO         4375    .ARM.Collect$$rtexit$$00000003  c_w.l(rtexit2.o)
    0x080001ac   0x080001ac   0x00000006   Code   RO         4376    .ARM.Collect$$rtexit$$00000004  c_w.l(rtexit2.o)
    0x080001b2   0x080001b2   0x00000002   PAD
    0x080001b4   0x080001b4   0x00000040   Code   RO         3174  * .text               startup_stm32f10x_md.o
    0x080001f4   0x080001f4   0x0000002c   Code   RO         3959    .text               c_w.l(__2sprintf.o)
    0x08000220   0x08000220   0x00000038   Code   RO         3961    .text               c_w.l(__2snprintf.o)
    0x08000258   0x08000258   0x0000004e   Code   RO         3969    .text               c_w.l(_printf_pad.o)
    0x080002a6   0x080002a6   0x00000002   PAD
    0x080002a8   0x080002a8   0x00000078   Code   RO         3971    .text               c_w.l(_printf_dec.o)
    0x08000320   0x08000320   0x00000188   Code   RO         3990    .text               c_w.l(__printf_flags_ss_wp.o)
    0x080004a8   0x080004a8   0x0000000c   Code   RO         3996    .text               c_w.l(strtok.o)
    0x080004b4   0x080004b4   0x00000048   Code   RO         3999    .text               c_w.l(strcpy.o)
    0x080004fc   0x080004fc   0x00000096   Code   RO         4001    .text               c_w.l(strncmp.o)
    0x08000592   0x08000592   0x00000056   Code   RO         4003    .text               c_w.l(strncpy.o)
    0x080005e8   0x080005e8   0x00000006   Code   RO         4005    .text               c_w.l(heapauxi.o)
    0x080005ee   0x080005ee   0x00000016   Code   RO         4076    .text               c_w.l(_rserrno.o)
    0x08000604   0x08000604   0x000000b2   Code   RO         4082    .text               c_w.l(_printf_intcommon.o)
    0x080006b6   0x080006b6   0x0000041e   Code   RO         4086    .text               c_w.l(_printf_fp_dec.o)
    0x08000ad4   0x08000ad4   0x00000030   Code   RO         4088    .text               c_w.l(_printf_char_common.o)
    0x08000b04   0x08000b04   0x0000000a   Code   RO         4090    .text               c_w.l(_sputc.o)
    0x08000b0e   0x08000b0e   0x00000010   Code   RO         4092    .text               c_w.l(_snputc.o)
    0x08000b1e   0x08000b1e   0x00000002   PAD
    0x08000b20   0x08000b20   0x000000a4   Code   RO         4147    .text               c_w.l(strtod.o)
    0x08000bc4   0x08000bc4   0x00000044   Code   RO         4149    .text               c_w.l(strtok_int.o)
    0x08000c08   0x08000c08   0x00000044   Code   RO         4151    .text               c_w.l(rt_memclr.o)
    0x08000c4c   0x08000c4c   0x00000008   Code   RO         4210    .text               c_w.l(rt_locale_intlibspace.o)
    0x08000c54   0x08000c54   0x00000008   Code   RO         4215    .text               c_w.l(rt_errno_addr_intlibspace.o)
    0x08000c5c   0x08000c5c   0x0000008a   Code   RO         4217    .text               c_w.l(lludiv10.o)
    0x08000ce6   0x08000ce6   0x00000012   Code   RO         4219    .text               c_w.l(isspace.o)
    0x08000cf8   0x08000cf8   0x00000080   Code   RO         4224    .text               c_w.l(_printf_fp_infnan.o)
    0x08000d78   0x08000d78   0x00000040   Code   RO         4232    .text               c_w.l(_sgetc.o)
    0x08000db8   0x08000db8   0x000000e4   Code   RO         4234    .text               c_w.l(bigflt0.o)
    0x08000e9c   0x08000e9c   0x00000020   Code   RO         4264    .text               c_w.l(strcspn.o)
    0x08000ebc   0x08000ebc   0x0000001c   Code   RO         4266    .text               c_w.l(strspn.o)
    0x08000ed8   0x08000ed8   0x0000004e   Code   RO         4268    .text               c_w.l(rt_memclr_w.o)
    0x08000f26   0x08000f26   0x00000002   PAD
    0x08000f28   0x08000f28   0x00000008   Code   RO         4280    .text               c_w.l(libspace.o)
    0x08000f30   0x08000f30   0x0000004a   Code   RO         4283    .text               c_w.l(sys_stackheap_outer.o)
    0x08000f7a   0x08000f7a   0x00000002   PAD
    0x08000f7c   0x08000f7c   0x00000010   Code   RO         4285    .text               c_w.l(rt_ctype_table.o)
    0x08000f8c   0x08000f8c   0x000004f8   Code   RO         4287    .text               c_w.l(scanf_fp.o)
    0x08001484   0x08001484   0x00000012   Code   RO         4289    .text               c_w.l(exit.o)
    0x08001496   0x08001496   0x00000002   PAD
    0x08001498   0x08001498   0x00000080   Code   RO         4291    .text               c_w.l(strcmpv7m.o)
    0x08001518   0x08001518   0x00000320   Code   RO         4380    .text               c_w.l(scanf_hexfp.o)
    0x08001838   0x08001838   0x00000134   Code   RO         4382    .text               c_w.l(scanf_infnan.o)
    0x0800196c   0x0800196c   0x0000000c   Code   RO         4400    .text               c_w.l(sys_exit.o)
    0x08001978   0x08001978   0x00000026   Code   RO         4404    .text               c_w.l(llshl.o)
    0x0800199e   0x0800199e   0x0000001c   Code   RO         4406    .text               c_w.l(_chval.o)
    0x080019ba   0x080019ba   0x00000002   Code   RO         4429    .text               c_w.l(use_no_semi.o)
    0x080019bc   0x080019bc   0x00000000   Code   RO         4431    .text               c_w.l(indicate_semi.o)
    0x080019bc   0x080019bc   0x0000003e   Code   RO         4237    CL$$btod_d2e        c_w.l(btod.o)
    0x080019fa   0x080019fa   0x00000046   Code   RO         4239    CL$$btod_d2e_denorm_low  c_w.l(btod.o)
    0x08001a40   0x08001a40   0x00000060   Code   RO         4238    CL$$btod_d2e_norm_op1  c_w.l(btod.o)
    0x08001aa0   0x08001aa0   0x00000338   Code   RO         4247    CL$$btod_div_common  c_w.l(btod.o)
    0x08001dd8   0x08001dd8   0x00000084   Code   RO         4245    CL$$btod_e2d        c_w.l(btod.o)
    0x08001e5c   0x08001e5c   0x000000dc   Code   RO         4244    CL$$btod_e2e        c_w.l(btod.o)
    0x08001f38   0x08001f38   0x0000002a   Code   RO         4241    CL$$btod_ediv       c_w.l(btod.o)
    0x08001f62   0x08001f62   0x0000002a   Code   RO         4243    CL$$btod_edivd      c_w.l(btod.o)
    0x08001f8c   0x08001f8c   0x0000002a   Code   RO         4240    CL$$btod_emul       c_w.l(btod.o)
    0x08001fb6   0x08001fb6   0x0000002a   Code   RO         4242    CL$$btod_emuld      c_w.l(btod.o)
    0x08001fe0   0x08001fe0   0x00000244   Code   RO         4246    CL$$btod_mult_common  c_w.l(btod.o)
    0x08002224   0x08002224   0x00000004   Code   RO         3892    i.BusFault_Handler  stm32f10x_it.o
    0x08002228   0x08002228   0x00000018   Code   RO          840    i.DMA_Cmd           stm32f10x_dma.o
    0x08002240   0x08002240   0x00000008   Code   RO          842    i.DMA_GetCurrDataCounter  stm32f10x_dma.o
    0x08002248   0x08002248   0x0000003c   Code   RO          846    i.DMA_Init          stm32f10x_dma.o
    0x08002284   0x08002284   0x00000002   Code   RO         3893    i.DebugMon_Handler  stm32f10x_it.o
    0x08002286   0x08002286   0x0000002e   Code   RO         3127    i.Delay_us          delay.o
    0x080022b4   0x080022b4   0x000000b0   Code   RO         3575    i.DisplaySlopeAngle  mpu6050.o
    0x08002364   0x08002364   0x00000116   Code   RO         1276    i.GPIO_Init         stm32f10x_gpio.o
    0x0800247a   0x0800247a   0x00000012   Code   RO         1280    i.GPIO_ReadInputDataBit  stm32f10x_gpio.o
    0x0800248c   0x0800248c   0x00000004   Code   RO         1284    i.GPIO_SetBits      stm32f10x_gpio.o
    0x08002490   0x08002490   0x0000000a   Code   RO         1287    i.GPIO_WriteBit     stm32f10x_gpio.o
    0x0800249a   0x0800249a   0x00000002   PAD
    0x0800249c   0x0800249c   0x000000d8   Code   RO         3698    i.GPS_Init          gps.o
    0x08002574   0x08002574   0x00000020   Code   RO         3699    i.GPS_ParseNMEA     gps.o
    0x08002594   0x08002594   0x00000090   Code   RO         3700    i.GPS_Process       gps.o
    0x08002624   0x08002624   0x00000040   Code   RO         3701    i.GPS_SaveToFlash   gps.o
    0x08002664   0x08002664   0x00000074   Code   RO         3702    i.GPS_UpdateOLED    gps.o
    0x080026d8   0x080026d8   0x00000004   Code   RO         3894    i.HardFault_Handler  stm32f10x_it.o
    0x080026dc   0x080026dc   0x000000ac   Code   RO         3576    i.MPU6050_GetData   mpu6050.o
    0x08002788   0x08002788   0x00000038   Code   RO         3578    i.MPU6050_Init      mpu6050.o
    0x080027c0   0x080027c0   0x0000003e   Code   RO         3579    i.MPU6050_R_Reg     mpu6050.o
    0x080027fe   0x080027fe   0x0000002e   Code   RO         3580    i.MPU6050_W_Reg     mpu6050.o
    0x0800282c   0x0800282c   0x00000004   Code   RO         3895    i.MemManage_Handler  stm32f10x_it.o
    0x08002830   0x08002830   0x00000030   Code   RO         3632    i.MyI2C_Init        myi2c.o
    0x08002860   0x08002860   0x0000001c   Code   RO         3633    i.MyI2C_R_SDA       myi2c.o
    0x0800287c   0x0800287c   0x0000001e   Code   RO         3634    i.MyI2C_ReceiveAck  myi2c.o
    0x0800289a   0x0800289a   0x00000034   Code   RO         3635    i.MyI2C_ReceiveByte  myi2c.o
    0x080028ce   0x080028ce   0x00000018   Code   RO         3636    i.MyI2C_SendAck     myi2c.o
    0x080028e6   0x080028e6   0x00000028   Code   RO         3637    i.MyI2C_SendByte    myi2c.o
    0x0800290e   0x0800290e   0x0000001c   Code   RO         3638    i.MyI2C_Start       myi2c.o
    0x0800292a   0x0800292a   0x00000016   Code   RO         3639    i.MyI2C_Stop        myi2c.o
    0x08002940   0x08002940   0x0000001c   Code   RO         3640    i.MyI2C_W_SCL       myi2c.o
    0x0800295c   0x0800295c   0x0000001c   Code   RO         3641    i.MyI2C_W_SDA       myi2c.o
    0x08002978   0x08002978   0x00000050   Code   RO         3467    i.MySPI_Init        myspi.o
    0x080029c8   0x080029c8   0x00000010   Code   RO         3468    i.MySPI_R_MOSO      myspi.o
    0x080029d8   0x080029d8   0x0000000a   Code   RO         3469    i.MySPI_Start       myspi.o
    0x080029e2   0x080029e2   0x0000000a   Code   RO         3470    i.MySPI_Stop        myspi.o
    0x080029ec   0x080029ec   0x0000003c   Code   RO         3471    i.MySPI_SwapByte    myspi.o
    0x08002a28   0x08002a28   0x00000014   Code   RO         3472    i.MySPI_W_CS        myspi.o
    0x08002a3c   0x08002a3c   0x00000014   Code   RO         3473    i.MySPI_W_MOSI      myspi.o
    0x08002a50   0x08002a50   0x00000014   Code   RO         3474    i.MySPI_W_SCK       myspi.o
    0x08002a64   0x08002a64   0x00000002   Code   RO         3896    i.NMI_Handler       stm32f10x_it.o
    0x08002a66   0x08002a66   0x00000002   PAD
    0x08002a68   0x08002a68   0x00000070   Code   RO            1    i.NVIC_Init         misc.o
    0x08002ad8   0x08002ad8   0x00000014   Code   RO            2    i.NVIC_PriorityGroupConfig  misc.o
    0x08002aec   0x08002aec   0x0000002a   Code   RO         3359    i.OLED_Clear        oled.o
    0x08002b16   0x08002b16   0x00000002   PAD
    0x08002b18   0x08002b18   0x00000050   Code   RO         3360    i.OLED_I2C_Init     oled.o
    0x08002b68   0x08002b68   0x00000054   Code   RO         3361    i.OLED_I2C_SendByte  oled.o
    0x08002bbc   0x08002bbc   0x00000034   Code   RO         3362    i.OLED_I2C_Start    oled.o
    0x08002bf0   0x08002bf0   0x00000028   Code   RO         3363    i.OLED_I2C_Stop     oled.o
    0x08002c18   0x08002c18   0x000000ae   Code   RO         3364    i.OLED_Init         oled.o
    0x08002cc6   0x08002cc6   0x00000022   Code   RO         3366    i.OLED_SetCursor    oled.o
    0x08002ce8   0x08002ce8   0x00000074   Code   RO         3368    i.OLED_ShowChar     oled.o
    0x08002d5c   0x08002d5c   0x00000028   Code   RO         3372    i.OLED_ShowString   oled.o
    0x08002d84   0x08002d84   0x00000020   Code   RO         3373    i.OLED_WriteCommand  oled.o
    0x08002da4   0x08002da4   0x00000020   Code   RO         3374    i.OLED_WriteData    oled.o
    0x08002dc4   0x08002dc4   0x000000e8   Code   RO         3703    i.Parse_GPRMC       gps.o
    0x08002eac   0x08002eac   0x00000002   Code   RO         3897    i.PendSV_Handler    stm32f10x_it.o
    0x08002eae   0x08002eae   0x00000002   PAD
    0x08002eb0   0x08002eb0   0x00000020   Code   RO         1703    i.RCC_AHBPeriphClockCmd  stm32f10x_rcc.o
    0x08002ed0   0x08002ed0   0x00000020   Code   RO         1704    i.RCC_APB1PeriphClockCmd  stm32f10x_rcc.o
    0x08002ef0   0x08002ef0   0x00000020   Code   RO         1706    i.RCC_APB2PeriphClockCmd  stm32f10x_rcc.o
    0x08002f10   0x08002f10   0x000000d4   Code   RO         1714    i.RCC_GetClocksFreq  stm32f10x_rcc.o
    0x08002fe4   0x08002fe4   0x00000002   Code   RO         3898    i.SVC_Handler       stm32f10x_it.o
    0x08002fe6   0x08002fe6   0x00000002   PAD
    0x08002fe8   0x08002fe8   0x000000b8   Code   RO         3782    i.Serial_Init       serial.o
    0x080030a0   0x080030a0   0x00000008   Code   RO         3189    i.SetSysClock       system_stm32f10x.o
    0x080030a8   0x080030a8   0x000000e0   Code   RO         3190    i.SetSysClockTo72   system_stm32f10x.o
    0x08003188   0x08003188   0x00000002   Code   RO         3899    i.SysTick_Handler   stm32f10x_it.o
    0x0800318a   0x0800318a   0x00000002   PAD
    0x0800318c   0x0800318c   0x00000060   Code   RO         3192    i.SystemInit        system_stm32f10x.o
    0x080031ec   0x080031ec   0x00000080   Code   RO         2334    i.TI1_Config        stm32f10x_tim.o
    0x0800326c   0x0800326c   0x00000098   Code   RO         2335    i.TI2_Config        stm32f10x_tim.o
    0x08003304   0x08003304   0x00000090   Code   RO         2336    i.TI3_Config        stm32f10x_tim.o
    0x08003394   0x08003394   0x00000098   Code   RO         2337    i.TI4_Config        stm32f10x_tim.o
    0x0800342c   0x0800342c   0x000000a8   Code   RO         3149    i.TIM2_Capture_Init  timer.o
    0x080034d4   0x080034d4   0x00000070   Code   RO         3150    i.TIM2_IRQHandler   timer.o
    0x08003544   0x08003544   0x00000006   Code   RO         2345    i.TIM_ClearITPendingBit  stm32f10x_tim.o
    0x0800354a   0x0800354a   0x00000018   Code   RO         2350    i.TIM_Cmd           stm32f10x_tim.o
    0x08003562   0x08003562   0x00000006   Code   RO         2365    i.TIM_GetCapture1   stm32f10x_tim.o
    0x08003568   0x08003568   0x00000022   Code   RO         2371    i.TIM_GetITStatus   stm32f10x_tim.o
    0x0800358a   0x0800358a   0x00000002   PAD
    0x0800358c   0x0800358c   0x000000ac   Code   RO         2373    i.TIM_ICInit        stm32f10x_tim.o
    0x08003638   0x08003638   0x00000012   Code   RO         2375    i.TIM_ITConfig      stm32f10x_tim.o
    0x0800364a   0x0800364a   0x00000012   Code   RO         2416    i.TIM_SetIC1Prescaler  stm32f10x_tim.o
    0x0800365c   0x0800365c   0x0000001a   Code   RO         2417    i.TIM_SetIC2Prescaler  stm32f10x_tim.o
    0x08003676   0x08003676   0x00000012   Code   RO         2418    i.TIM_SetIC3Prescaler  stm32f10x_tim.o
    0x08003688   0x08003688   0x0000001a   Code   RO         2419    i.TIM_SetIC4Prescaler  stm32f10x_tim.o
    0x080036a2   0x080036a2   0x00000002   PAD
    0x080036a4   0x080036a4   0x000000a4   Code   RO         2421    i.TIM_TimeBaseInit  stm32f10x_tim.o
    0x08003748   0x08003748   0x000000a0   Code   RO         3789    i.USART1_IRQHandler  serial.o
    0x080037e8   0x080037e8   0x0000001e   Code   RO         2886    i.USART_ClearITPendingBit  stm32f10x_usart.o
    0x08003806   0x08003806   0x00000018   Code   RO         2889    i.USART_Cmd         stm32f10x_usart.o
    0x0800381e   0x0800381e   0x00000012   Code   RO         2890    i.USART_DMACmd      stm32f10x_usart.o
    0x08003830   0x08003830   0x00000054   Code   RO         2893    i.USART_GetITStatus  stm32f10x_usart.o
    0x08003884   0x08003884   0x0000004a   Code   RO         2895    i.USART_ITConfig    stm32f10x_usart.o
    0x080038ce   0x080038ce   0x00000002   PAD
    0x080038d0   0x080038d0   0x000000d8   Code   RO         2896    i.USART_Init        stm32f10x_usart.o
    0x080039a8   0x080039a8   0x0000000a   Code   RO         2903    i.USART_ReceiveData  stm32f10x_usart.o
    0x080039b2   0x080039b2   0x00000004   Code   RO         3900    i.UsageFault_Handler  stm32f10x_it.o
    0x080039b6   0x080039b6   0x00000008   Code   RO         3521    i.W25Q64_Init       w25q64.o
    0x080039be   0x080039be   0x0000004c   Code   RO         3522    i.W25Q64_PageProgram  w25q64.o
    0x08003a0a   0x08003a0a   0x00000032   Code   RO         3525    i.W25Q64_SectorErase  w25q64.o
    0x08003a3c   0x08003a3c   0x0000002e   Code   RO         3526    i.W25Q64_WaitBusy   w25q64.o
    0x08003a6a   0x08003a6a   0x00000012   Code   RO         3527    i.W25Q64_WriteEnable  w25q64.o
    0x08003a7c   0x08003a7c   0x00000028   Code   RO         4278    i.__ARM_fpclassify  m_ws.l(fpclassify.o)
    0x08003aa4   0x08003aa4   0x00000026   Code   RO         4176    i.__ARM_fpclassifyf  m_ws.l(fpclassifyf.o)
    0x08003aca   0x08003aca   0x0000000e   Code   RO         4460    i.__mathlib_dbl_overflow  m_ws.l(dunder.o)
    0x08003ad8   0x08003ad8   0x00000010   Code   RO         4462    i.__mathlib_dbl_underflow  m_ws.l(dunder.o)
    0x08003ae8   0x08003ae8   0x00000004   Code   RO         4180    i.__mathlib_flt_infnan2  m_ws.l(funder.o)
    0x08003aec   0x08003aec   0x0000000a   Code   RO         4184    i.__mathlib_flt_underflow  m_ws.l(funder.o)
    0x08003af6   0x08003af6   0x00000010   Code   RO         4367    i.__mathlib_narrow  m_ws.l(narrow.o)
    0x08003b06   0x08003b06   0x00000002   PAD
    0x08003b08   0x08003b08   0x000000bc   Code   RO         4368    i.__mathlib_tofloat  m_ws.l(narrow.o)
    0x08003bc4   0x08003bc4   0x00000016   Code   RO         4418    i.__support_ldexp   m_ws.l(ldexp.o)
    0x08003bda   0x08003bda   0x0000000e   Code   RO         3983    i._is_digit         c_w.l(__printf_wp.o)
    0x08003be8   0x08003be8   0x0000025c   Code   RO         4054    i.atan2f            m_ws.l(atan2f.o)
    0x08003e44   0x08003e44   0x0000002a   Code   RO         4062    i.atof              m_ws.l(atof.o)
    0x08003e6e   0x08003e6e   0x00000002   PAD
    0x08003e70   0x08003e70   0x0000009c   Code   RO         3704    i.convertToDegrees  gps.o
    0x08003f0c   0x08003f0c   0x00000064   Code   RO         3705    i.formatTime        gps.o
    0x08003f70   0x08003f70   0x00000058   Code   RO         4395    i.frexp             m_ws.l(frexp.o)
    0x08003fc8   0x08003fc8   0x00000074   Code   RO         4419    i.ldexp             m_ws.l(ldexp.o)
    0x0800403c   0x0800403c   0x0000006c   Code   RO         3853    i.main              main.o
    0x080040a8   0x080040a8   0x00000058   Code   RO         3706    i.processGPSData    gps.o
    0x08004100   0x08004100   0x00000094   Code   RO         4065    i.round             m_ws.l(round.o)
    0x08004194   0x08004194   0x0000002c   Code   RO         4068    i.sqrtf             m_ws.l(sqrtf.o)
    0x080041c0   0x080041c0   0x0000002c   Code   RO         4262    locale$$code        c_w.l(lc_numeric_c.o)
    0x080041ec   0x080041ec   0x0000002c   Code   RO         4349    locale$$code        c_w.l(lc_ctype_c.o)
    0x08004218   0x08004218   0x00000062   Code   RO         4388    x$fpl$d2f           fz_ws.l(d2f.o)
    0x0800427a   0x0800427a   0x00000002   PAD
    0x0800427c   0x0800427c   0x00000150   Code   RO         4009    x$fpl$dadd          fz_ws.l(daddsub_clz.o)
    0x080043cc   0x080043cc   0x00000010   Code   RO         4454    x$fpl$dcheck1       fz_ws.l(dcheck1.o)
    0x080043dc   0x080043dc   0x00000018   Code   RO         4270    x$fpl$dcmpinf       fz_ws.l(dcmpi.o)
    0x080043f4   0x080043f4   0x000002b0   Code   RO         4016    x$fpl$ddiv          fz_ws.l(ddiv.o)
    0x080046a4   0x080046a4   0x00000078   Code   RO         4390    x$fpl$deqf          fz_ws.l(deqf.o)
    0x0800471c   0x0800471c   0x0000005e   Code   RO         4019    x$fpl$dfix          fz_ws.l(dfix.o)
    0x0800477a   0x0800477a   0x0000002e   Code   RO         4024    x$fpl$dflt          fz_ws.l(dflt_clz.o)
    0x080047a8   0x080047a8   0x00000078   Code   RO         4153    x$fpl$dleqf         fz_ws.l(dleqf.o)
    0x08004820   0x08004820   0x00000154   Code   RO         4029    x$fpl$dmul          fz_ws.l(dmul.o)
    0x08004974   0x08004974   0x0000009c   Code   RO         4155    x$fpl$dnaninf       fz_ws.l(dnaninf.o)
    0x08004a10   0x08004a10   0x0000000c   Code   RO         4157    x$fpl$dretinf       fz_ws.l(dretinf.o)
    0x08004a1c   0x08004a1c   0x0000006c   Code   RO         4159    x$fpl$drleqf        fz_ws.l(drleqf.o)
    0x08004a88   0x08004a88   0x000000b4   Code   RO         4161    x$fpl$drnd          fz_ws.l(drnd.o)
    0x08004b3c   0x08004b3c   0x00000016   Code   RO         4010    x$fpl$drsb          fz_ws.l(daddsub_clz.o)
    0x08004b52   0x08004b52   0x00000002   PAD
    0x08004b54   0x08004b54   0x000001d4   Code   RO         4011    x$fpl$dsub          fz_ws.l(daddsub_clz.o)
    0x08004d28   0x08004d28   0x00000056   Code   RO         4031    x$fpl$f2d           fz_ws.l(f2d.o)
    0x08004d7e   0x08004d7e   0x00000002   PAD
    0x08004d80   0x08004d80   0x000000c4   Code   RO         4033    x$fpl$fadd          fz_ws.l(faddsub_clz.o)
    0x08004e44   0x08004e44   0x0000000c   Code   RO         4344    x$fpl$fcheck1       fz_ws.l(fcheck1.o)
    0x08004e50   0x08004e50   0x00000184   Code   RO         4040    x$fpl$fdiv          fz_ws.l(fdiv.o)
    0x08004fd4   0x08004fd4   0x00000030   Code   RO         4044    x$fpl$fflt          fz_ws.l(fflt_clz.o)
    0x08005004   0x08005004   0x00000102   Code   RO         4049    x$fpl$fmul          fz_ws.l(fmul.o)
    0x08005106   0x08005106   0x0000008c   Code   RO         4163    x$fpl$fnaninf       fz_ws.l(fnaninf.o)
    0x08005192   0x08005192   0x0000000a   Code   RO         4165    x$fpl$fretinf       fz_ws.l(fretinf.o)
    0x0800519c   0x0800519c   0x00000014   Code   RO         4034    x$fpl$frsb          fz_ws.l(faddsub_clz.o)
    0x080051b0   0x080051b0   0x00000110   Code   RO         4167    x$fpl$fsqrt         fz_ws.l(fsqrt.o)
    0x080052c0   0x080052c0   0x000000ea   Code   RO         4035    x$fpl$fsub          fz_ws.l(faddsub_clz.o)
    0x080053aa   0x080053aa   0x00000006   Code   RO         4272    x$fpl$ieeestatus    fz_ws.l(istatus.o)
    0x080053b0   0x080053b0   0x00000004   Code   RO         4051    x$fpl$printf1       fz_ws.l(printf1.o)
    0x080053b4   0x080053b4   0x00000064   Code   RO         4359    x$fpl$retnan        fz_ws.l(retnan.o)
    0x08005418   0x08005418   0x0000005c   Code   RO         4415    x$fpl$scalbn        fz_ws.l(scalbn.o)
    0x08005474   0x08005474   0x0000004c   Code   RO         4274    x$fpl$scalbnf       fz_ws.l(scalbnf.o)
    0x080054c0   0x080054c0   0x00000004   Code   RO         4276    x$fpl$scanf1        fz_ws.l(scanf1.o)
    0x080054c4   0x080054c4   0x00000008   Code   RO         4361    x$fpl$scanf2        fz_ws.l(scanf2.o)
    0x080054cc   0x080054cc   0x00000030   Code   RO         4392    x$fpl$trapveneer    fz_ws.l(trapv.o)
    0x080054fc   0x080054fc   0x00000000   Code   RO         4175    x$fpl$usenofp       fz_ws.l(usenofp.o)
    0x080054fc   0x080054fc   0x000005f0   Data   RO         3375    .constdata          oled.o
    0x08005aec   0x08005aec   0x00000011   Data   RO         3991    .constdata          c_w.l(__printf_flags_ss_wp.o)
    0x08005afd   0x08005afd   0x00000003   PAD
    0x08005b00   0x08005b00   0x00000094   Data   RO         4235    .constdata          c_w.l(bigflt0.o)
    0x08005b94   0x08005b94   0x00000020   Data   RO         4495    Region$$Table       anon$$obj.o
    0x08005bb4   0x08005bb4   0x00000008   Data   RO         4353    c$$dinf             fz_ws.l(fpconst.o)
    0x08005bbc   0x08005bbc   0x00000008   Data   RO         4356    c$$dmax             fz_ws.l(fpconst.o)
    0x08005bc4   0x08005bc4   0x0000001c   Data   RO         4261    locale$$data        c_w.l(lc_numeric_c.o)
    0x08005be0   0x08005be0   0x00000110   Data   RO         4348    locale$$data        c_w.l(lc_ctype_c.o)


    Execution Region ER_RW (Exec base: 0x20000000, Load base: 0x08005cf0, Size: 0x00000030, Max: 0xffffffff, ABSOLUTE)

    Exec Addr    Load Addr    Size         Type   Attr      Idx    E Section Name        Object

    0x20000000   0x08005cf0   0x00000014   Data   RW         1734    .data               stm32f10x_rcc.o
    0x20000014   0x08005d04   0x00000008   Data   RW         3708    .data               gps.o
    0x2000001c   0x08005d0c   0x00000003   Data   RW         3792    .data               serial.o
    0x2000001f   0x08005d0f   0x00000001   PAD
    0x20000020   0x08005d10   0x0000000c   Data   RW         3855    .data               main.o
    0x2000002c   0x08005d1c   0x00000004   Data   RW         3997    .data               c_w.l(strtok.o)


    Execution Region ER_ZI (Exec base: 0x20000030, Load base: 0x08005d20, Size: 0x00000808, Max: 0xffffffff, ABSOLUTE)

    Exec Addr    Load Addr    Size         Type   Attr      Idx    E Section Name        Object

    0x20000030        -       0x00000136   Zero   RW         3707    .bss                gps.o
    0x20000166        -       0x00000064   Zero   RW         3791    .bss                serial.o
    0x200001ca        -       0x0000000a   Zero   RW         3854    .bss                main.o
    0x200001d4        -       0x00000060   Zero   RW         4281    .bss                c_w.l(libspace.o)
    0x20000234   0x08005d20   0x00000004   PAD
    0x20000238        -       0x00000200   Zero   RW         3172    HEAP                startup_stm32f10x_md.o
    0x20000438        -       0x00000400   Zero   RW         3171    STACK               startup_stm32f10x_md.o


==============================================================================

Image component sizes


      Code (inc. data)   RO Data    RW Data    ZI Data      Debug   Object Name

        46          0          0          0          0        415   delay.o
      1148        132          0          8        310       5989   gps.o
       108         32          0         12         10       1174   main.o
       132         22          0          0          0     262103   misc.o
       512         22          0          0          0       3244   mpu6050.o
       328         22          0          0          0       4538   myi2c.o
       236         20          0          0          0       3562   myspi.o
       726         22       1520          0          0       5895   oled.o
       344         30          0          3        100       1774   serial.o
        64         26        236          0       1536        792   startup_stm32f10x_md.o
         0          0          0          0          0       1624   stm32f10x_adc.o
        92          0          0          0          0      12802   stm32f10x_dma.o
       310          0          0          0          0      11631   stm32f10x_gpio.o
        26          0          0          0          0       3434   stm32f10x_it.o
       308         38          0         20          0      13258   stm32f10x_rcc.o
      1088        150          0          0          0      29213   stm32f10x_tim.o
       456          6          0          0          0      11631   stm32f10x_usart.o
       328         28          0          0          0       1693   system_stm32f10x.o
       280         20          0          0          0       1178   timer.o
       198          0          0          0          0       2691   w25q64.o

    ----------------------------------------------------------------------
      6748        570       1788         44       1956     378641   Object Totals
         0          0         32          0          0          0   (incl. Generated)
        18          0          0          1          0          0   (incl. Padding)

    ----------------------------------------------------------------------

      Code (inc. data)   RO Data    RW Data    ZI Data      Debug   Library Member Name

        56          6          0          0          0         88   __2snprintf.o
        44          6          0          0          0         84   __2sprintf.o
         8          0          0          0          0         68   __main.o
       392          4         17          0          0         92   __printf_flags_ss_wp.o
        14          0          0          0          0         68   __printf_wp.o
         0          0          0          0          0          0   __rtentry.o
        12          0          0          0          0          0   __rtentry2.o
         6          0          0          0          0          0   __rtentry4.o
        52          8          0          0          0          0   __scatter.o
        26          0          0          0          0          0   __scatter_copy.o
        28          0          0          0          0          0   __scatter_zi.o
        28          0          0          0          0         68   _chval.o
        48          6          0          0          0         96   _printf_char_common.o
         6          0          0          0          0          0   _printf_d.o
       120         16          0          0          0         92   _printf_dec.o
         6          0          0          0          0          0   _printf_f.o
      1054          0          0          0          0        216   _printf_fp_dec.o
       128         16          0          0          0         84   _printf_fp_infnan.o
       178          0          0          0          0         88   _printf_intcommon.o
        78          0          0          0          0        108   _printf_pad.o
         0          0          0          0          0          0   _printf_percent.o
         4          0          0          0          0          0   _printf_percent_end.o
        22          0          0          0          0        100   _rserrno.o
        64          0          0          0          0         84   _sgetc.o
        16          0          0          0          0         68   _snputc.o
        10          0          0          0          0         68   _sputc.o
       228          4        148          0          0         96   bigflt0.o
      2152        136          0          0          0        960   btod.o
        18          0          0          0          0         80   exit.o
         6          0          0          0          0        152   heapauxi.o
         0          0          0          0          0          0   indicate_semi.o
        18          0          0          0          0         76   isspace.o
        44         10        272          0          0         76   lc_ctype_c.o
        44         10         28          0          0         76   lc_numeric_c.o
         2          0          0          0          0          0   libinit.o
        30          0          0          0          0          0   libinit2.o
         2          0          0          0          0          0   libshutdown.o
         2          0          0          0          0          0   libshutdown2.o
         8          4          0          0         96         68   libspace.o
        38          0          0          0          0         68   llshl.o
       138          0          0          0          0         80   lludiv10.o
        16          4          0          0          0         76   rt_ctype_table.o
         8          4          0          0          0         68   rt_errno_addr_intlibspace.o
         8          4          0          0          0         68   rt_locale_intlibspace.o
        68          0          0          0          0         68   rt_memclr.o
        78          0          0          0          0         80   rt_memclr_w.o
         2          0          0          0          0          0   rtexit.o
        10          0          0          0          0          0   rtexit2.o
      1272         16          0          0          0        168   scanf_fp.o
       800         14          0          0          0        100   scanf_hexfp.o
       308         16          0          0          0        100   scanf_infnan.o
       128          0          0          0          0         68   strcmpv7m.o
        72          0          0          0          0         80   strcpy.o
        32          0          0          0          0         80   strcspn.o
       150          0          0          0          0         80   strncmp.o
        86          0          0          0          0         76   strncpy.o
        28          0          0          0          0         80   strspn.o
       164         14          0          0          0        120   strtod.o
        12          6          0          4          0         68   strtok.o
        68          4          0          0          0         84   strtok_int.o
        12          4          0          0          0         68   sys_exit.o
        74          0          0          0          0         80   sys_stackheap_outer.o
         2          0          0          0          0         68   use_no_semi.o
        98          4          0          0          0         92   d2f.o
       826         16          0          0          0        348   daddsub_clz.o
        16          4          0          0          0         68   dcheck1.o
        24          0          0          0          0         68   dcmpi.o
       688        140          0          0          0        208   ddiv.o
       120          4          0          0          0         92   deqf.o
        94          4          0          0          0         92   dfix.o
        46          0          0          0          0         68   dflt_clz.o
       120          4          0          0          0         92   dleqf.o
       340         12          0          0          0        104   dmul.o
       156          4          0          0          0         92   dnaninf.o
        12          0          0          0          0         68   dretinf.o
       108          0          0          0          0         80   drleqf.o
       180          4          0          0          0         80   drnd.o
        86          4          0          0          0         84   f2d.o
       450          8          0          0          0        236   faddsub_clz.o
        12          4          0          0          0         68   fcheck1.o
       388         76          0          0          0         96   fdiv.o
        48          0          0          0          0         68   fflt_clz.o
       258          4          0          0          0         84   fmul.o
       140          4          0          0          0         84   fnaninf.o
         0          0         16          0          0          0   fpconst.o
        10          0          0          0          0         68   fretinf.o
       272        100          0          0          0         88   fsqrt.o
         6          0          0          0          0         68   istatus.o
         4          0          0          0          0         68   printf1.o
       100          0          0          0          0         68   retnan.o
        92          0          0          0          0         68   scalbn.o
        76          0          0          0          0         68   scalbnf.o
         4          0          0          0          0         68   scanf1.o
         8          0          0          0          0         84   scanf2.o
        48          0          0          0          0         68   trapv.o
         0          0          0          0          0          0   usenofp.o
       604         76          0          0          0        116   atan2f.o
        42          0          0          0          0         84   atof.o
        30          6          0          0          0        136   dunder.o
        40          0          0          0          0         68   fpclassify.o
        38          0          0          0          0         68   fpclassifyf.o
        88          8          0          0          0         76   frexp.o
        14          0          0          0          0        136   funder.o
       138          0          0          0          0        160   ldexp.o
       204          4          0          0          0        168   narrow.o
       148         12          0          0          0         88   round.o
        44          0          0          0          0         80   sqrtf.o

    ----------------------------------------------------------------------
     14772        814        484          4        100       9052   Library Totals
        24          0          3          0          4          0   (incl. Padding)

    ----------------------------------------------------------------------

      Code (inc. data)   RO Data    RW Data    ZI Data      Debug   Library Name

      8528        312        465          4         96       4884   c_w.l
      4830        396         16          0          0       2988   fz_ws.l
      1390        106          0          0          0       1180   m_ws.l

    ----------------------------------------------------------------------
     14772        814        484          4        100       9052   Library Totals

    ----------------------------------------------------------------------

==============================================================================


      Code (inc. data)   RO Data    RW Data    ZI Data      Debug   

     21520       1384       2272         48       2056     377289   Grand Totals
     21520       1384       2272         48       2056     377289   ELF Image Totals
     21520       1384       2272         48          0          0   ROM Totals

==============================================================================

    Total RO  Size (Code + RO Data)                23792 (  23.23kB)
    Total RW  Size (RW Data + ZI Data)              2104 (   2.05kB)
    Total ROM Size (Code + RO Data + RW Data)      23840 (  23.28kB)

==============================================================================

